Archive member included to satisfy reference by file (symbol)

C:/ST/STM32CubeIDE_1.19.0/STM32CubeIDE/plugins/com.st.stm32cube.ide.mcu.externaltools.gnu-tools-for-stm32.13.3.rel1.win32_1.0.0.202411081344/tools/bin/../lib/gcc/arm-none-eabi/13.3.1/../../../../arm-none-eabi/lib/thumb/v7-m/nofp\libc_nano.a(libc_a-exit.o)
                              C:/ST/STM32CubeIDE_1.19.0/STM32CubeIDE/plugins/com.st.stm32cube.ide.mcu.externaltools.gnu-tools-for-stm32.13.3.rel1.win32_1.0.0.202411081344/tools/bin/../lib/gcc/arm-none-eabi/13.3.1/../../../../arm-none-eabi/lib/thumb/v7-m/nofp/crt0.o (exit)
C:/ST/STM32CubeIDE_1.19.0/STM32CubeIDE/plugins/com.st.stm32cube.ide.mcu.externaltools.gnu-tools-for-stm32.13.3.rel1.win32_1.0.0.202411081344/tools/bin/../lib/gcc/arm-none-eabi/13.3.1/../../../../arm-none-eabi/lib/thumb/v7-m/nofp\libc_nano.a(libc_a-findfp.o)
                              C:/ST/STM32CubeIDE_1.19.0/STM32CubeIDE/plugins/com.st.stm32cube.ide.mcu.externaltools.gnu-tools-for-stm32.13.3.rel1.win32_1.0.0.202411081344/tools/bin/../lib/gcc/arm-none-eabi/13.3.1/../../../../arm-none-eabi/lib/thumb/v7-m/nofp\libc_nano.a(libc_a-exit.o) (__stdio_exit_handler)
C:/ST/STM32CubeIDE_1.19.0/STM32CubeIDE/plugins/com.st.stm32cube.ide.mcu.externaltools.gnu-tools-for-stm32.13.3.rel1.win32_1.0.0.202411081344/tools/bin/../lib/gcc/arm-none-eabi/13.3.1/../../../../arm-none-eabi/lib/thumb/v7-m/nofp\libc_nano.a(libc_a-fwalk.o)
                              C:/ST/STM32CubeIDE_1.19.0/STM32CubeIDE/plugins/com.st.stm32cube.ide.mcu.externaltools.gnu-tools-for-stm32.13.3.rel1.win32_1.0.0.202411081344/tools/bin/../lib/gcc/arm-none-eabi/13.3.1/../../../../arm-none-eabi/lib/thumb/v7-m/nofp\libc_nano.a(libc_a-findfp.o) (_fwalk_sglue)
C:/ST/STM32CubeIDE_1.19.0/STM32CubeIDE/plugins/com.st.stm32cube.ide.mcu.externaltools.gnu-tools-for-stm32.13.3.rel1.win32_1.0.0.202411081344/tools/bin/../lib/gcc/arm-none-eabi/13.3.1/../../../../arm-none-eabi/lib/thumb/v7-m/nofp\libc_nano.a(libc_a-printf.o)
                              ./Core/Src/main.o (printf)
C:/ST/STM32CubeIDE_1.19.0/STM32CubeIDE/plugins/com.st.stm32cube.ide.mcu.externaltools.gnu-tools-for-stm32.13.3.rel1.win32_1.0.0.202411081344/tools/bin/../lib/gcc/arm-none-eabi/13.3.1/../../../../arm-none-eabi/lib/thumb/v7-m/nofp\libc_nano.a(libc_a-stdio.o)
                              C:/ST/STM32CubeIDE_1.19.0/STM32CubeIDE/plugins/com.st.stm32cube.ide.mcu.externaltools.gnu-tools-for-stm32.13.3.rel1.win32_1.0.0.202411081344/tools/bin/../lib/gcc/arm-none-eabi/13.3.1/../../../../arm-none-eabi/lib/thumb/v7-m/nofp\libc_nano.a(libc_a-findfp.o) (__sread)
C:/ST/STM32CubeIDE_1.19.0/STM32CubeIDE/plugins/com.st.stm32cube.ide.mcu.externaltools.gnu-tools-for-stm32.13.3.rel1.win32_1.0.0.202411081344/tools/bin/../lib/gcc/arm-none-eabi/13.3.1/../../../../arm-none-eabi/lib/thumb/v7-m/nofp\libc_nano.a(libc_a-memset.o)
                              C:/ST/STM32CubeIDE_1.19.0/STM32CubeIDE/plugins/com.st.stm32cube.ide.mcu.externaltools.gnu-tools-for-stm32.13.3.rel1.win32_1.0.0.202411081344/tools/bin/../lib/gcc/arm-none-eabi/13.3.1/../../../../arm-none-eabi/lib/thumb/v7-m/nofp/crt0.o (memset)
C:/ST/STM32CubeIDE_1.19.0/STM32CubeIDE/plugins/com.st.stm32cube.ide.mcu.externaltools.gnu-tools-for-stm32.13.3.rel1.win32_1.0.0.202411081344/tools/bin/../lib/gcc/arm-none-eabi/13.3.1/../../../../arm-none-eabi/lib/thumb/v7-m/nofp\libc_nano.a(libc_a-closer.o)
                              C:/ST/STM32CubeIDE_1.19.0/STM32CubeIDE/plugins/com.st.stm32cube.ide.mcu.externaltools.gnu-tools-for-stm32.13.3.rel1.win32_1.0.0.202411081344/tools/bin/../lib/gcc/arm-none-eabi/13.3.1/../../../../arm-none-eabi/lib/thumb/v7-m/nofp\libc_nano.a(libc_a-stdio.o) (_close_r)
C:/ST/STM32CubeIDE_1.19.0/STM32CubeIDE/plugins/com.st.stm32cube.ide.mcu.externaltools.gnu-tools-for-stm32.13.3.rel1.win32_1.0.0.202411081344/tools/bin/../lib/gcc/arm-none-eabi/13.3.1/../../../../arm-none-eabi/lib/thumb/v7-m/nofp\libc_nano.a(libc_a-reent.o)
                              C:/ST/STM32CubeIDE_1.19.0/STM32CubeIDE/plugins/com.st.stm32cube.ide.mcu.externaltools.gnu-tools-for-stm32.13.3.rel1.win32_1.0.0.202411081344/tools/bin/../lib/gcc/arm-none-eabi/13.3.1/../../../../arm-none-eabi/lib/thumb/v7-m/nofp\libc_nano.a(libc_a-closer.o) (errno)
C:/ST/STM32CubeIDE_1.19.0/STM32CubeIDE/plugins/com.st.stm32cube.ide.mcu.externaltools.gnu-tools-for-stm32.13.3.rel1.win32_1.0.0.202411081344/tools/bin/../lib/gcc/arm-none-eabi/13.3.1/../../../../arm-none-eabi/lib/thumb/v7-m/nofp\libc_nano.a(libc_a-impure.o)
                              C:/ST/STM32CubeIDE_1.19.0/STM32CubeIDE/plugins/com.st.stm32cube.ide.mcu.externaltools.gnu-tools-for-stm32.13.3.rel1.win32_1.0.0.202411081344/tools/bin/../lib/gcc/arm-none-eabi/13.3.1/../../../../arm-none-eabi/lib/thumb/v7-m/nofp\libc_nano.a(libc_a-printf.o) (_impure_ptr)
[...]
Memory Configuration

Name             Origin             Length             Attributes
RAM              0x20000000         0x00020000         xrw
FLASH            0x08000000         0x00100000         xr
*default*        0x00000000         0xffffffff

Linker script and memory map

LOAD C:/ST/STM32CubeIDE_1.19.0/STM32CubeIDE/plugins/com.st.stm32cube.ide.mcu.externaltools.gnu-tools-for-stm32.13.3.rel1.win32_1.0.0.202411081344/tools/bin/../lib/gcc/arm-none-eabi/13.3.1/thumb/v7-m/nofp/crti.o
LOAD C:/ST/STM32CubeIDE_1.19.0/STM32CubeIDE/plugins/com.st.stm32cube.ide.mcu.externaltools.gnu-tools-for-stm32.13.3.rel1.win32_1.0.0.202411081344/tools/bin/../lib/gcc/arm-none-eabi/13.3.1/thumb/v7-m/nofp/crtbegin.o
LOAD C:/ST/STM32CubeIDE_1.19.0/STM32CubeIDE/plugins/com.st.stm32cube.ide.mcu.externaltools.gnu-tools-for-stm32.13.3.rel1.win32_1.0.0.202411081344/tools/bin/../lib/gcc/arm-none-eabi/13.3.1/../../../../arm-none-eabi/lib/thumb/v7-m/nofp/crt0.o
LOAD ./Core/Src/gesture_utility.o
LOAD ./Core/Src/main.o
LOAD ./Core/Src/paj7660.o
LOAD ./Core/Src/read_gesture_id.o
LOAD ./Core/Src/stm32f2xx_hal_msp.o
LOAD ./Core/Src/stm32f2xx_it.o
LOAD ./Core/Src/syscalls.o
LOAD ./Core/Src/sysmem.o
LOAD ./Core/Src/system_stm32f2xx.o
LOAD ./Core/Startup/startup_stm32f207zgtx.o
LOAD ./Drivers/STM32F2xx_HAL_Driver/Src/stm32f2xx_hal.o
LOAD ./Drivers/STM32F2xx_HAL_Driver/Src/stm32f2xx_hal_cortex.o
LOAD ./Drivers/STM32F2xx_HAL_Driver/Src/stm32f2xx_hal_dma.o
LOAD ./Drivers/STM32F2xx_HAL_Driver/Src/stm32f2xx_hal_dma_ex.o
LOAD ./Drivers/STM32F2xx_HAL_Driver/Src/stm32f2xx_hal_eth.o
LOAD ./Drivers/STM32F2xx_HAL_Driver/Src/stm32f2xx_hal_exti.o
LOAD ./Drivers/STM32F2xx_HAL_Driver/Src/stm32f2xx_hal_flash.o
LOAD ./Drivers/STM32F2xx_HAL_Driver/Src/stm32f2xx_hal_flash_ex.o
LOAD ./Drivers/STM32F2xx_HAL_Driver/Src/stm32f2xx_hal_gpio.o
LOAD ./Drivers/STM32F2xx_HAL_Driver/Src/stm32f2xx_hal_i2c.o
LOAD ./Drivers/STM32F2xx_HAL_Driver/Src/stm32f2xx_hal_pcd.o
LOAD ./Drivers/STM32F2xx_HAL_Driver/Src/stm32f2xx_hal_pcd_ex.o
LOAD ./Drivers/STM32F2xx_HAL_Driver/Src/stm32f2xx_hal_pwr.o
LOAD ./Drivers/STM32F2xx_HAL_Driver/Src/stm32f2xx_hal_pwr_ex.o
LOAD ./Drivers/STM32F2xx_HAL_Driver/Src/stm32f2xx_hal_rcc.o
LOAD ./Drivers/STM32F2xx_HAL_Driver/Src/stm32f2xx_hal_rcc_ex.o
LOAD ./Drivers/STM32F2xx_HAL_Driver/Src/stm32f2xx_hal_uart.o
LOAD ./Drivers/STM32F2xx_HAL_Driver/Src/stm32f2xx_ll_usb.o
START GROUP
LOAD C:/ST/STM32CubeIDE_1.19.0/STM32CubeIDE/plugins/com.st.stm32cube.ide.mcu.externaltools.gnu-tools-for-stm32.13.3.rel1.win32_1.0.0.202411081344/tools/bin/../lib/gcc/arm-none-eabi/13.3.1/../../../../arm-none-eabi/lib/thumb/v7-m/nofp\libc_nano.a
LOAD C:/ST/STM32CubeIDE_1.19.0/STM32CubeIDE/plugins/com.st.stm32cube.ide.mcu.externaltools.gnu-tools-for-stm32.13.3.rel1.win32_1.0.0.202411081344/tools/bin/../lib/gcc/arm-none-eabi/13.3.1/../../../../arm-none-eabi/lib/thumb/v7-m/nofp\libm.a
END GROUP
START GROUP
LOAD C:/ST/STM32CubeIDE_1.19.0/STM32CubeIDE/plugins/com.st.stm32cube.ide.mcu.externaltools.gnu-tools-for-stm32.13.3.rel1.win32_1.0.0.202411081344/tools/bin/../lib/gcc/arm-none-eabi/13.3.1/thumb/v7-m/nofp\libgcc.a
LOAD C:/ST/STM32CubeIDE_1.19.0/STM32CubeIDE/plugins/com.st.stm32cube.ide.mcu.externaltools.gnu-tools-for-stm32.13.3.rel1.win32_1.0.0.202411081344/tools/bin/../lib/gcc/arm-none-eabi/13.3.1/../../../../arm-none-eabi/lib/thumb/v7-m/nofp\libc_nano.a
END GROUP
START GROUP
LOAD C:/ST/STM32CubeIDE_1.19.0/STM32CubeIDE/plugins/com.st.stm32cube.ide.mcu.externaltools.gnu-tools-for-stm32.13.3.rel1.win32_1.0.0.202411081344/tools/bin/../lib/gcc/arm-none-eabi/13.3.1/thumb/v7-m/nofp\libgcc.a
LOAD C:/ST/STM32CubeIDE_1.19.0/STM32CubeIDE/plugins/com.st.stm32cube.ide.mcu.externaltools.gnu-tools-for-stm32.13.3.rel1.win32_1.0.0.202411081344/tools/bin/../lib/gcc/arm-none-eabi/13.3.1/../../../../arm-none-eabi/lib/thumb/v7-m/nofp\libc_nano.a
LOAD C:/ST/STM32CubeIDE_1.19.0/STM32CubeIDE/plugins/com.st.stm32cube.ide.mcu.externaltools.gnu-tools-for-stm32.13.3.rel1.win32_1.0.0.202411081344/tools/bin/../lib/gcc/arm-none-eabi/13.3.1/../../../../arm-none-eabi/lib/thumb/v7-m/nofp\libnosys.a
END GROUP
START GROUP
LOAD C:/ST/STM32CubeIDE_1.19.0/STM32CubeIDE/plugins/com.st.stm32cube.ide.mcu.externaltools.gnu-tools-for-stm32.13.3.rel1.win32_1.0.0.202411081344/tools/bin/../lib/gcc/arm-none-eabi/13.3.1/thumb/v7-m/nofp\libgcc.a
LOAD C:/ST/STM32CubeIDE_1.19.0/STM32CubeIDE/plugins/com.st.stm32cube.ide.mcu.externaltools.gnu-tools-for-stm32.13.3.rel1.win32_1.0.0.202411081344/tools/bin/../lib/gcc/arm-none-eabi/13.3.1/../../../../arm-none-eabi/lib/thumb/v7-m/nofp\libc_nano.a
LOAD C:/ST/STM32CubeIDE_1.19.0/STM32CubeIDE/plugins/com.st.stm32cube.ide.mcu.externaltools.gnu-tools-for-stm32.13.3.rel1.win32_1.0.0.202411081344/tools/bin/../lib/gcc/arm-none-eabi/13.3.1/../../../../arm-none-eabi/lib/thumb/v7-m/nofp\libnosys.a
END GROUP
LOAD C:/ST/STM32CubeIDE_1.19.0/STM32CubeIDE/plugins/com.st.stm32cube.ide.mcu.externaltools.gnu-tools-for-stm32.13.3.rel1.win32_1.0.0.202411081344/tools/bin/../lib/gcc/arm-none-eabi/13.3.1/thumb/v7-m/nofp/crtend.o
LOAD C:/ST/STM32CubeIDE_1.19.0/STM32CubeIDE/plugins/com.st.stm32cube.ide.mcu.externaltools.gnu-tools-for-stm32.13.3.rel1.win32_1.0.0.202411081344/tools/bin/../lib/gcc/arm-none-eabi/13.3.1/thumb/v7-m/nofp/crtn.o
                0x20020000                        _estack = (ORIGIN (RAM) + LENGTH (RAM))
                0x00000200                        _Min_Heap_Size = 0x200
                0x00000400                        _Min_Stack_Size = 0x400

.isr_vector     0x08000000      0x184
                0x08000000                        . = ALIGN (0x4)
 *(.isr_vector)
 .isr_vector    0x08000000      0x184 ./Core/Startup/startup_stm32f207zgtx.o
                0x08000000                g_pfnVectors
                0x08000184                        . = ALIGN (0x4)

.text           0x08000184     0x5464
                0x08000184                        . = ALIGN (0x4)
 *(.text)
 .text          0x08000184       0x40 C:/ST/STM32CubeIDE_1.19.0/STM32CubeIDE/plugins/com.st.stm32cube.ide.mcu.externaltools.gnu-tools-for-stm32.13.3.rel1.win32_1.0.0.202411081344/tools/bin/../lib/gcc/arm-none-eabi/13.3.1/thumb/v7-m/nofp/crtbegin.o
 .text          0x080001c4       0x30 C:/ST/STM32CubeIDE_1.19.0/STM32CubeIDE/plugins/com.st.stm32cube.ide.mcu.externaltools.gnu-tools-for-stm32.13.3.rel1.win32_1.0.0.202411081344/tools/bin/../lib/gcc/arm-none-eabi/13.3.1/thumb/v7-m/nofp\libgcc.a(_aeabi_uldivmod.o)
                0x080001c4                __aeabi_uldivmod
 .text          0x080001f4      0x300 C:/ST/STM32CubeIDE_1.19.0/STM32CubeIDE/plugins/com.st.stm32cube.ide.mcu.externaltools.gnu-tools-for-stm32.13.3.rel1.win32_1.0.0.202411081344/tools/bin/../lib/gcc/arm-none-eabi/13.3.1/thumb/v7-m/nofp\libgcc.a(_udivmoddi4.o)
                0x080001f4                __udivmoddi4
 .text          0x080004f4        0x4 C:/ST/STM32CubeIDE_1.19.0/STM32CubeIDE/plugins/com.st.stm32cube.ide.mcu.externaltools.gnu-tools-for-stm32.13.3.rel1.win32_1.0.0.202411081344/tools/bin/../lib/gcc/arm-none-eabi/13.3.1/thumb/v7-m/nofp\libgcc.a(_dvmd_tls.o)
                0x080004f4                __aeabi_idiv0
                0x080004f4                __aeabi_ldiv0
 *(.text*)
 .text.clear_all_leds
                0x080004f8       0x3c ./Core/Src/gesture_utility.o
 .text.gesture_feedback
                0x08000534       0x68 ./Core/Src/gesture_utility.o
                0x08000534                gesture_feedback
 .text._write   0x0800059c       0x28 ./Core/Src/main.o
                0x0800059c                _write
 .text.main     0x080005c4       0xc0 ./Core/Src/main.o
                0x080005c4                main
 .text.SystemClock_Config
                0x08000684       0x8e ./Core/Src/main.o
                0x08000684                SystemClock_Config
 *fill*         0x08000712        0x2 
 .text.MX_ETH_Init
                0x08000714       0x84 ./Core/Src/main.o
 .text.MX_I2C1_Init
                0x08000798       0x5c ./Core/Src/main.o
 .text.MX_USART3_UART_Init
                0x080007f4       0x54 ./Core/Src/main.o
 .text.MX_USB_OTG_FS_PCD_Init
                0x08000848       0x54 ./Core/Src/main.o
 .text.MX_GPIO_Init
                0x0800089c      0x220 ./Core/Src/main.o
 .text.Error_Handler
                0x08000abc        0xc ./Core/Src/main.o
                0x08000abc                Error_Handler
 .text.PAJ_Write
                0x08000ac8       0x38 ./Core/Src/paj7660.o
 .text.PAJ_Read
                0x08000b00       0x3c ./Core/Src/paj7660.o
 .text.PAJ7660_Init
                0x08000b3c       0x58 ./Core/Src/paj7660.o
                0x08000b3c                PAJ7660_Init
 .text.PAJ7660_PollGesture
                0x08000b94       0x40 ./Core/Src/paj7660.o
                0x08000b94                PAJ7660_PollGesture
 .text.HAL_MspInit
                0x08000bd4       0x4c ./Core/Src/stm32f2xx_hal_msp.o
                0x08000bd4                HAL_MspInit
 .text.HAL_ETH_MspInit
                0x08000c20      0x18c ./Core/Src/stm32f2xx_hal_msp.o
                0x08000c20                HAL_ETH_MspInit
 .text.HAL_I2C_MspInit
                0x08000dac       0x90 ./Core/Src/stm32f2xx_hal_msp.o
                0x08000dac                HAL_I2C_MspInit
 .text.HAL_UART_MspInit
                0x08000e3c       0x90 ./Core/Src/stm32f2xx_hal_msp.o
                0x08000e3c                HAL_UART_MspInit
 .text.HAL_PCD_MspInit
                0x08000ecc       0xb4 ./Core/Src/stm32f2xx_hal_msp.o
                0x08000ecc                HAL_PCD_MspInit
 .text.NMI_Handler
                0x08000f80        0x8 ./Core/Src/stm32f2xx_it.o
                0x08000f80                NMI_Handler
 .text.HardFault_Handler
                0x08000f88        0x8 ./Core/Src/stm32f2xx_it.o
                0x08000f88                HardFault_Handler
 .text.MemManage_Handler
                0x08000f90        0x8 ./Core/Src/stm32f2xx_it.o
                0x08000f90                MemManage_Handler
 .text.BusFault_Handler
                0x08000f98        0x8 ./Core/Src/stm32f2xx_it.o
                0x08000f98                BusFault_Handler
 .text.UsageFault_Handler
                0x08000fa0        0x8 ./Core/Src/stm32f2xx_it.o
                0x08000fa0                UsageFault_Handler
 .text.SVC_Handler
                0x08000fa8        0xc ./Core/Src/stm32f2xx_it.o
                0x08000fa8                SVC_Handler
 .text.DebugMon_Handler
                0x08000fb4        0xc ./Core/Src/stm32f2xx_it.o
                0x08000fb4                DebugMon_Handler
 .text.PendSV_Handler
                0x08000fc0        0xc ./Core/Src/stm32f2xx_it.o
                0x08000fc0                PendSV_Handler
 .text.SysTick_Handler
                0x08000fcc        0xc ./Core/Src/stm32f2xx_it.o
                0x08000fcc                SysTick_Handler
 .text.EXTI15_10_IRQHandler
                0x08000fd8       0x10 ./Core/Src/stm32f2xx_it.o
                0x08000fd8                EXTI15_10_IRQHandler
 .text._read    0x08000fe8       0x3a ./Core/Src/syscalls.o
                0x08000fe8                _read
 .text._close   0x08001022       0x16 ./Core/Src/syscalls.o
                0x08001022                _close
 .text._fstat   0x08001038       0x1e ./Core/Src/syscalls.o
                0x08001038                _fstat
 .text._isatty  0x08001056       0x14 ./Core/Src/syscalls.o
                0x08001056                _isatty
 .text._lseek   0x0800106a       0x18 ./Core/Src/syscalls.o
                0x0800106a                _lseek
 *fill*         0x08001082        0x2 
 .text._sbrk    0x08001084       0x6c ./Core/Src/sysmem.o
                0x08001084                _sbrk
 .text.SystemInit
                0x080010f0        0xc ./Core/Src/system_stm32f2xx.o
                0x080010f0                SystemInit
 .text.Reset_Handler
                0x080010fc       0x50 ./Core/Startup/startup_stm32f207zgtx.o
                0x080010fc                Reset_Handler
 .text.Default_Handler
                0x0800114c        0x2 ./Core/Startup/startup_stm32f207zgtx.o
                0x0800114c                RTC_Alarm_IRQHandler
                0x0800114c                HASH_RNG_IRQHandler
                0x0800114c                EXTI2_IRQHandler
                0x0800114c                TIM8_CC_IRQHandler
                0x0800114c                TIM1_CC_IRQHandler
                0x0800114c                DMA2_Stream5_IRQHandler
                0x0800114c                DMA1_Stream5_IRQHandler
                0x0800114c                PVD_IRQHandler
                0x0800114c                SDIO_IRQHandler
                0x0800114c                TAMP_STAMP_IRQHandler
                0x0800114c                CAN2_RX1_IRQHandler
                0x0800114c                EXTI3_IRQHandler
                0x0800114c                TIM8_TRG_COM_TIM14_IRQHandler
                0x0800114c                TIM1_UP_TIM10_IRQHandler
                0x0800114c                TIM8_UP_TIM13_IRQHandler
                0x0800114c                I2C3_ER_IRQHandler
                0x0800114c                EXTI0_IRQHandler
                0x0800114c                I2C2_EV_IRQHandler
                0x0800114c                DMA1_Stream2_IRQHandler
                0x0800114c                CAN1_RX0_IRQHandler
                0x0800114c                OTG_HS_WKUP_IRQHandler
                0x0800114c                CAN2_SCE_IRQHandler
                0x0800114c                DMA2_Stream2_IRQHandler
                0x0800114c                SPI1_IRQHandler
                0x0800114c                TIM6_DAC_IRQHandler
                0x0800114c                TIM1_BRK_TIM9_IRQHandler
                0x0800114c                DCMI_IRQHandler
                0x0800114c                CAN2_RX0_IRQHandler
                0x0800114c                DMA2_Stream3_IRQHandler
                0x0800114c                USART6_IRQHandler
                0x0800114c                USART3_IRQHandler
                0x0800114c                CAN1_RX1_IRQHandler
                0x0800114c                UART5_IRQHandler
                0x0800114c                DMA2_Stream0_IRQHandler
                0x0800114c                TIM4_IRQHandler
                0x0800114c                I2C1_EV_IRQHandler
                0x0800114c                DMA1_Stream6_IRQHandler
                0x0800114c                DMA1_Stream1_IRQHandler
                0x0800114c                UART4_IRQHandler
                0x0800114c                TIM3_IRQHandler
                0x0800114c                RCC_IRQHandler
                0x0800114c                TIM8_BRK_TIM12_IRQHandler
                0x0800114c                Default_Handler
                0x0800114c                ADC_IRQHandler
                0x0800114c                DMA1_Stream7_IRQHandler
                0x0800114c                TIM7_IRQHandler
                0x0800114c                CAN2_TX_IRQHandler
                0x0800114c                TIM5_IRQHandler
                0x0800114c                DMA2_Stream7_IRQHandler
                0x0800114c                I2C3_EV_IRQHandler
                0x0800114c                EXTI9_5_IRQHandler
                0x0800114c                RTC_WKUP_IRQHandler
                0x0800114c                ETH_WKUP_IRQHandler
                0x0800114c                SPI2_IRQHandler
                0x0800114c                OTG_HS_EP1_IN_IRQHandler
                0x0800114c                DMA1_Stream0_IRQHandler
                0x0800114c                CAN1_TX_IRQHandler
                0x0800114c                EXTI4_IRQHandler
                0x0800114c                FSMC_IRQHandler
                0x0800114c                ETH_IRQHandler
                0x0800114c                OTG_HS_EP1_OUT_IRQHandler
                0x0800114c                WWDG_IRQHandler
                0x0800114c                TIM2_IRQHandler
                0x0800114c                OTG_FS_WKUP_IRQHandler
                0x0800114c                TIM1_TRG_COM_TIM11_IRQHandler
                0x0800114c                OTG_HS_IRQHandler
                0x0800114c                EXTI1_IRQHandler
                0x0800114c                USART2_IRQHandler
                0x0800114c                I2C2_ER_IRQHandler
                0x0800114c                DMA2_Stream1_IRQHandler
                0x0800114c                CAN1_SCE_IRQHandler
                0x0800114c                FLASH_IRQHandler
                0x0800114c                DMA2_Stream4_IRQHandler
                0x0800114c                USART1_IRQHandler
                0x0800114c                OTG_FS_IRQHandler
                0x0800114c                SPI3_IRQHandler
                0x0800114c                DMA1_Stream4_IRQHandler
                0x0800114c                I2C1_ER_IRQHandler
                0x0800114c                DMA2_Stream6_IRQHandler
                0x0800114c                DMA1_Stream3_IRQHandler
 *fill*         0x0800114e        0x2 
 .text.HAL_Init
                0x08001150       0x44 ./Drivers/STM32F2xx_HAL_Driver/Src/stm32f2xx_hal.o
                0x08001150                HAL_Init
 .text.HAL_InitTick
                0x08001194       0x60 ./Drivers/STM32F2xx_HAL_Driver/Src/stm32f2xx_hal.o
                0x08001194                HAL_InitTick
 .text.HAL_IncTick
                0x080011f4       0x24 ./Drivers/STM32F2xx_HAL_Driver/Src/stm32f2xx_hal.o
                0x080011f4                HAL_IncTick
 .text.HAL_GetTick
                0x08001218       0x14 ./Drivers/STM32F2xx_HAL_Driver/Src/stm32f2xx_hal.o
                0x08001218                HAL_GetTick
 .text.HAL_Delay
                0x0800122c       0x48 ./Drivers/STM32F2xx_HAL_Driver/Src/stm32f2xx_hal.o
                0x0800122c                HAL_Delay
 .text.__NVIC_SetPriorityGrouping
                0x08001274       0x48 ./Drivers/STM32F2xx_HAL_Driver/Src/stm32f2xx_hal_cortex.o
 .text.__NVIC_GetPriorityGrouping
                0x080012bc       0x1c ./Drivers/STM32F2xx_HAL_Driver/Src/stm32f2xx_hal_cortex.o
 .text.__NVIC_EnableIRQ
                0x080012d8       0x38 ./Drivers/STM32F2xx_HAL_Driver/Src/stm32f2xx_hal_cortex.o
 .text.__NVIC_SetPriority
                0x08001310       0x54 ./Drivers/STM32F2xx_HAL_Driver/Src/stm32f2xx_hal_cortex.o
 .text.NVIC_EncodePriority
                0x08001364       0x64 ./Drivers/STM32F2xx_HAL_Driver/Src/stm32f2xx_hal_cortex.o
 .text.SysTick_Config
                0x080013c8       0x44 ./Drivers/STM32F2xx_HAL_Driver/Src/stm32f2xx_hal_cortex.o
 .text.HAL_NVIC_SetPriorityGrouping
                0x0800140c       0x16 ./Drivers/STM32F2xx_HAL_Driver/Src/stm32f2xx_hal_cortex.o
                0x0800140c                HAL_NVIC_SetPriorityGrouping
 .text.HAL_NVIC_SetPriority
                0x08001422       0x38 ./Drivers/STM32F2xx_HAL_Driver/Src/stm32f2xx_hal_cortex.o
                0x08001422                HAL_NVIC_SetPriority
 .text.HAL_NVIC_EnableIRQ
                0x0800145a       0x1c ./Drivers/STM32F2xx_HAL_Driver/Src/stm32f2xx_hal_cortex.o
                0x0800145a                HAL_NVIC_EnableIRQ
 .text.HAL_SYSTICK_Config
                0x08001476       0x18 ./Drivers/STM32F2xx_HAL_Driver/Src/stm32f2xx_hal_cortex.o
                0x08001476                HAL_SYSTICK_Config
 *fill*         0x0800148e        0x2 
 .text.HAL_ETH_Init
                0x08001490      0x318 ./Drivers/STM32F2xx_HAL_Driver/Src/stm32f2xx_hal_eth.o
                0x08001490                HAL_ETH_Init
 .text.HAL_ETH_ReadPHYRegister
                0x080017a8       0xd0 ./Drivers/STM32F2xx_HAL_Driver/Src/stm32f2xx_hal_eth.o
                0x080017a8                HAL_ETH_ReadPHYRegister
 .text.HAL_ETH_WritePHYRegister
                0x08001878       0xcc ./Drivers/STM32F2xx_HAL_Driver/Src/stm32f2xx_hal_eth.o
                0x08001878                HAL_ETH_WritePHYRegister
 .text.ETH_MACDMAConfig
                0x08001944      0x38c ./Drivers/STM32F2xx_HAL_Driver/Src/stm32f2xx_hal_eth.o
 .text.ETH_MACAddressConfig
                0x08001cd0       0x6c ./Drivers/STM32F2xx_HAL_Driver/Src/stm32f2xx_hal_eth.o
 .text.HAL_GPIO_Init
                0x08001d3c      0x33c ./Drivers/STM32F2xx_HAL_Driver/Src/stm32f2xx_hal_gpio.o
                0x08001d3c                HAL_GPIO_Init
 .text.HAL_GPIO_WritePin
                0x08002078       0x30 ./Drivers/STM32F2xx_HAL_Driver/Src/stm32f2xx_hal_gpio.o
                0x08002078                HAL_GPIO_WritePin
 .text.HAL_GPIO_EXTI_IRQHandler
                0x080020a8       0x30 ./Drivers/STM32F2xx_HAL_Driver/Src/stm32f2xx_hal_gpio.o
                0x080020a8                HAL_GPIO_EXTI_IRQHandler
 .text.HAL_GPIO_EXTI_Callback
                0x080020d8       0x14 ./Drivers/STM32F2xx_HAL_Driver/Src/stm32f2xx_hal_gpio.o
                0x080020d8                HAL_GPIO_EXTI_Callback
 .text.HAL_I2C_Init
                0x080020ec      0x288 ./Drivers/STM32F2xx_HAL_Driver/Src/stm32f2xx_hal_i2c.o
                0x080020ec                HAL_I2C_Init
 .text.HAL_I2C_Mem_Write
                0x08002374      0x1f4 ./Drivers/STM32F2xx_HAL_Driver/Src/stm32f2xx_hal_i2c.o
                0x08002374                HAL_I2C_Mem_Write
 .text.HAL_I2C_Mem_Read
                0x08002568      0x464 ./Drivers/STM32F2xx_HAL_Driver/Src/stm32f2xx_hal_i2c.o
                0x08002568                HAL_I2C_Mem_Read
 .text.I2C_RequestMemoryWrite
                0x080029cc      0x12c ./Drivers/STM32F2xx_HAL_Driver/Src/stm32f2xx_hal_i2c.o
 .text.I2C_RequestMemoryRead
                0x08002af8      0x1d0 ./Drivers/STM32F2xx_HAL_Driver/Src/stm32f2xx_hal_i2c.o
 .text.I2C_WaitOnFlagUntilTimeout
                0x08002cc8       0xf4 ./Drivers/STM32F2xx_HAL_Driver/Src/stm32f2xx_hal_i2c.o
 .text.I2C_WaitOnMasterAddressFlagUntilTimeout
                0x08002dbc      0x140 ./Drivers/STM32F2xx_HAL_Driver/Src/stm32f2xx_hal_i2c.o
 .text.I2C_WaitOnTXEFlagUntilTimeout
                0x08002efc       0x90 ./Drivers/STM32F2xx_HAL_Driver/Src/stm32f2xx_hal_i2c.o
 .text.I2C_WaitOnBTFFlagUntilTimeout
                0x08002f8c       0x90 ./Drivers/STM32F2xx_HAL_Driver/Src/stm32f2xx_hal_i2c.o
 .text.I2C_WaitOnRXNEFlagUntilTimeout
                0x0800301c       0xba ./Drivers/STM32F2xx_HAL_Driver/Src/stm32f2xx_hal_i2c.o
 .text.I2C_IsAcknowledgeFailed
                0x080030d6       0x5c ./Drivers/STM32F2xx_HAL_Driver/Src/stm32f2xx_hal_i2c.o
 .text.HAL_PCD_Init
                0x08003132      0x21e ./Drivers/STM32F2xx_HAL_Driver/Src/stm32f2xx_hal_pcd.o
                0x08003132                HAL_PCD_Init
 .text.HAL_RCC_OscConfig
                0x08003350      0x4a8 ./Drivers/STM32F2xx_HAL_Driver/Src/stm32f2xx_hal_rcc.o
                0x08003350                HAL_RCC_OscConfig
 .text.HAL_RCC_ClockConfig
                0x080037f8      0x1d8 ./Drivers/STM32F2xx_HAL_Driver/Src/stm32f2xx_hal_rcc.o
                0x080037f8                HAL_RCC_ClockConfig
 .text.HAL_RCC_GetSysClockFreq
                0x080039d0      0x218 ./Drivers/STM32F2xx_HAL_Driver/Src/stm32f2xx_hal_rcc.o
                0x080039d0                HAL_RCC_GetSysClockFreq
 .text.HAL_RCC_GetHCLKFreq
                0x08003be8       0x14 ./Drivers/STM32F2xx_HAL_Driver/Src/stm32f2xx_hal_rcc.o
                0x08003be8                HAL_RCC_GetHCLKFreq
 .text.HAL_RCC_GetPCLK1Freq
                0x08003bfc       0x44 ./Drivers/STM32F2xx_HAL_Driver/Src/stm32f2xx_hal_rcc.o
                0x08003bfc                HAL_RCC_GetPCLK1Freq
 .text.HAL_RCC_GetPCLK2Freq
                0x08003c40       0x44 ./Drivers/STM32F2xx_HAL_Driver/Src/stm32f2xx_hal_rcc.o
                0x08003c40                HAL_RCC_GetPCLK2Freq
 .text.HAL_UART_Init
                0x08003c84       0xa0 ./Drivers/STM32F2xx_HAL_Driver/Src/stm32f2xx_hal_uart.o
                0x08003c84                HAL_UART_Init
 .text.HAL_UART_Transmit
                0x08003d24      0x116 ./Drivers/STM32F2xx_HAL_Driver/Src/stm32f2xx_hal_uart.o
                0x08003d24                HAL_UART_Transmit
 .text.UART_WaitOnFlagUntilTimeout
                0x08003e3a       0xb2 ./Drivers/STM32F2xx_HAL_Driver/Src/stm32f2xx_hal_uart.o
 .text.UART_EndRxTransfer
                0x08003eec       0xc4 ./Drivers/STM32F2xx_HAL_Driver/Src/stm32f2xx_hal_uart.o
 .text.UART_SetConfig
                0x08003fb0      0x1d4 ./Drivers/STM32F2xx_HAL_Driver/Src/stm32f2xx_hal_uart.o
 .text.USB_CoreInit
                0x08004184       0xb2 ./Drivers/STM32F2xx_HAL_Driver/Src/stm32f2xx_ll_usb.o
                0x08004184                USB_CoreInit
 .text.USB_DisableGlobalInt
                0x08004236       0x20 ./Drivers/STM32F2xx_HAL_Driver/Src/stm32f2xx_ll_usb.o
                0x08004236                USB_DisableGlobalInt
 .text.USB_SetCurrentMode
                0x08004256       0x98 ./Drivers/STM32F2xx_HAL_Driver/Src/stm32f2xx_ll_usb.o
                0x08004256                USB_SetCurrentMode
 *fill*         0x080042ee        0x2 
 .text.USB_DevInit
                0x080042f0      0x2c8 ./Drivers/STM32F2xx_HAL_Driver/Src/stm32f2xx_ll_usb.o
                0x080042f0                USB_DevInit
 .text.USB_FlushTxFifo
                0x080045b8       0x62 ./Drivers/STM32F2xx_HAL_Driver/Src/stm32f2xx_ll_usb.o
                0x080045b8                USB_FlushTxFifo
 .text.USB_FlushRxFifo
                0x0800461a       0x5a ./Drivers/STM32F2xx_HAL_Driver/Src/stm32f2xx_ll_usb.o
                0x0800461a                USB_FlushRxFifo
 .text.USB_SetDevSpeed
                0x08004674       0x30 ./Drivers/STM32F2xx_HAL_Driver/Src/stm32f2xx_ll_usb.o
                0x08004674                USB_SetDevSpeed
 .text.USB_DevDisconnect
                0x080046a4       0x40 ./Drivers/STM32F2xx_HAL_Driver/Src/stm32f2xx_ll_usb.o
                0x080046a4                USB_DevDisconnect
 .text.USB_GetMode
                0x080046e4       0x1a ./Drivers/STM32F2xx_HAL_Driver/Src/stm32f2xx_ll_usb.o
                0x080046e4                USB_GetMode
 .text.USB_CoreReset
                0x080046fe       0x60 ./Drivers/STM32F2xx_HAL_Driver/Src/stm32f2xx_ll_usb.o
 *fill*         0x0800475e        0x2 
 .text.std      0x08004760       0x6c C:/ST/STM32CubeIDE_1.19.0/STM32CubeIDE/plugins/com.st.stm32cube.ide.mcu.externaltools.gnu-tools-for-stm32.13.3.rel1.win32_1.0.0.202411081344/tools/bin/../lib/gcc/arm-none-eabi/13.3.1/../../../../arm-none-eabi/lib/thumb/v7-m/nofp\libc_nano.a(libc_a-findfp.o)
 .text.stdio_exit_handler
                0x080047cc       0x18 C:/ST/STM32CubeIDE_1.19.0/STM32CubeIDE/plugins/com.st.stm32cube.ide.mcu.externaltools.gnu-tools-for-stm32.13.3.rel1.win32_1.0.0.202411081344/tools/bin/../lib/gcc/arm-none-eabi/13.3.1/../../../../arm-none-eabi/lib/thumb/v7-m/nofp\libc_nano.a(libc_a-findfp.o)
 .text.cleanup_stdio
                0x080047e4       0x40 C:/ST/STM32CubeIDE_1.19.0/STM32CubeIDE/plugins/com.st.stm32cube.ide.mcu.externaltools.gnu-tools-for-stm32.13.3.rel1.win32_1.0.0.202411081344/tools/bin/../lib/gcc/arm-none-eabi/13.3.1/../../../../arm-none-eabi/lib/thumb/v7-m/nofp\libc_nano.a(libc_a-findfp.o)
 .text.global_stdio_init.part.0
                0x08004824       0x3c C:/ST/STM32CubeIDE_1.19.0/STM32CubeIDE/plugins/com.st.stm32cube.ide.mcu.externaltools.gnu-tools-for-stm32.13.3.rel1.win32_1.0.0.202411081344/tools/bin/../lib/gcc/arm-none-eabi/13.3.1/../../../../arm-none-eabi/lib/thumb/v7-m/nofp\libc_nano.a(libc_a-findfp.o)
 .text.__sfp_lock_acquire
                0x08004860        0xc C:/ST/STM32CubeIDE_1.19.0/STM32CubeIDE/plugins/com.st.stm32cube.ide.mcu.externaltools.gnu-tools-for-stm32.13.3.rel1.win32_1.0.0.202411081344/tools/bin/../lib/gcc/arm-none-eabi/13.3.1/../../../../arm-none-eabi/lib/thumb/v7-m/nofp\libc_nano.a(libc_a-findfp.o)
                0x08004860                __sfp_lock_acquire
 .text.__sfp_lock_release
                0x0800486c        0xc C:/ST/STM32CubeIDE_1.19.0/STM32CubeIDE/plugins/com.st.stm32cube.ide.mcu.externaltools.gnu-tools-for-stm32.13.3.rel1.win32_1.0.0.202411081344/tools/bin/../lib/gcc/arm-none-eabi/13.3.1/../../../../arm-none-eabi/lib/thumb/v7-m/nofp\libc_nano.a(libc_a-findfp.o)
                0x0800486c                __sfp_lock_release
 .text.__sinit  0x08004878       0x30 C:/ST/STM32CubeIDE_1.19.0/STM32CubeIDE/plugins/com.st.stm32cube.ide.mcu.externaltools.gnu-tools-for-stm32.13.3.rel1.win32_1.0.0.202411081344/tools/bin/../lib/gcc/arm-none-eabi/13.3.1/../../../../arm-none-eabi/lib/thumb/v7-m/nofp\libc_nano.a(libc_a-findfp.o)
                0x08004878                __sinit
 .text._fwalk_sglue
                0x080048a8       0x3c C:/ST/STM32CubeIDE_1.19.0/STM32CubeIDE/plugins/com.st.stm32cube.ide.mcu.externaltools.gnu-tools-for-stm32.13.3.rel1.win32_1.0.0.202411081344/tools/bin/../lib/gcc/arm-none-eabi/13.3.1/../../../../arm-none-eabi/lib/thumb/v7-m/nofp\libc_nano.a(libc_a-fwalk.o)
                0x080048a8                _fwalk_sglue
 .text.printf   0x080048e4       0x24 C:/ST/STM32CubeIDE_1.19.0/STM32CubeIDE/plugins/com.st.stm32cube.ide.mcu.externaltools.gnu-tools-for-stm32.13.3.rel1.win32_1.0.0.202411081344/tools/bin/../lib/gcc/arm-none-eabi/13.3.1/../../../../arm-none-eabi/lib/thumb/v7-m/nofp\libc_nano.a(libc_a-printf.o)
                0x080048e4                iprintf
                0x080048e4                printf
 .text.__sread  0x08004908       0x22 C:/ST/STM32CubeIDE_1.19.0/STM32CubeIDE/plugins/com.st.stm32cube.ide.mcu.externaltools.gnu-tools-for-stm32.13.3.rel1.win32_1.0.0.202411081344/tools/bin/../lib/gcc/arm-none-eabi/13.3.1/../../../../arm-none-eabi/lib/thumb/v7-m/nofp\libc_nano.a(libc_a-stdio.o)
                0x08004908                __sread
 .text.__swrite
                0x0800492a       0x38 C:/ST/STM32CubeIDE_1.19.0/STM32CubeIDE/plugins/com.st.stm32cube.ide.mcu.externaltools.gnu-tools-for-stm32.13.3.rel1.win32_1.0.0.202411081344/tools/bin/../lib/gcc/arm-none-eabi/13.3.1/../../../../arm-none-eabi/lib/thumb/v7-m/nofp\libc_nano.a(libc_a-stdio.o)
                0x0800492a                __swrite
 .text.__sseek  0x08004962       0x24 C:/ST/STM32CubeIDE_1.19.0/STM32CubeIDE/plugins/com.st.stm32cube.ide.mcu.externaltools.gnu-tools-for-stm32.13.3.rel1.win32_1.0.0.202411081344/tools/bin/../lib/gcc/arm-none-eabi/13.3.1/../../../../arm-none-eabi/lib/thumb/v7-m/nofp\libc_nano.a(libc_a-stdio.o)
                0x08004962                __sseek
 .text.__sclose
                0x08004986        0x8 C:/ST/STM32CubeIDE_1.19.0/STM32CubeIDE/plugins/com.st.stm32cube.ide.mcu.externaltools.gnu-tools-for-stm32.13.3.rel1.win32_1.0.0.202411081344/tools/bin/../lib/gcc/arm-none-eabi/13.3.1/../../../../arm-none-eabi/lib/thumb/v7-m/nofp\libc_nano.a(libc_a-stdio.o)
                0x08004986                __sclose
 .text.memset   0x0800498e       0x10 C:/ST/STM32CubeIDE_1.19.0/STM32CubeIDE/plugins/com.st.stm32cube.ide.mcu.externaltools.gnu-tools-for-stm32.13.3.rel1.win32_1.0.0.202411081344/tools/bin/../lib/gcc/arm-none-eabi/13.3.1/../../../../arm-none-eabi/lib/thumb/v7-m/nofp\libc_nano.a(libc_a-memset.o)
                0x0800498e                memset
 *fill*         0x0800499e        0x2 
 .text._close_r
                0x080049a0       0x20 C:/ST/STM32CubeIDE_1.19.0/STM32CubeIDE/plugins/com.st.stm32cube.ide.mcu.externaltools.gnu-tools-for-stm32.13.3.rel1.win32_1.0.0.202411081344/tools/bin/../lib/gcc/arm-none-eabi/13.3.1/../../../../arm-none-eabi/lib/thumb/v7-m/nofp\libc_nano.a(libc_a-closer.o)
                0x080049a0                _close_r
 .text._lseek_r
                0x080049c0       0x24 C:/ST/STM32CubeIDE_1.19.0/STM32CubeIDE/plugins/com.st.stm32cube.ide.mcu.externaltools.gnu-tools-for-stm32.13.3.rel1.win32_1.0.0.202411081344/tools/bin/../lib/gcc/arm-none-eabi/13.3.1/../../../../arm-none-eabi/lib/thumb/v7-m/nofp\libc_nano.a(libc_a-lseekr.o)
                0x080049c0                _lseek_r
 .text._read_r  0x080049e4       0x24 C:/ST/STM32CubeIDE_1.19.0/STM32CubeIDE/plugins/com.st.stm32cube.ide.mcu.externaltools.gnu-tools-for-stm32.13.3.rel1.win32_1.0.0.202411081344/tools/bin/../lib/gcc/arm-none-eabi/13.3.1/../../../../arm-none-eabi/lib/thumb/v7-m/nofp\libc_nano.a(libc_a-readr.o)
                0x080049e4                _read_r
 .text._write_r
                0x08004a08       0x24 C:/ST/STM32CubeIDE_1.19.0/STM32CubeIDE/plugins/com.st.stm32cube.ide.mcu.externaltools.gnu-tools-for-stm32.13.3.rel1.win32_1.0.0.202411081344/tools/bin/../lib/gcc/arm-none-eabi/13.3.1/../../../../arm-none-eabi/lib/thumb/v7-m/nofp\libc_nano.a(libc_a-writer.o)
                0x08004a08                _write_r
 .text.__errno  0x08004a2c        0xc C:/ST/STM32CubeIDE_1.19.0/STM32CubeIDE/plugins/com.st.stm32cube.ide.mcu.externaltools.gnu-tools-for-stm32.13.3.rel1.win32_1.0.0.202411081344/tools/bin/../lib/gcc/arm-none-eabi/13.3.1/../../../../arm-none-eabi/lib/thumb/v7-m/nofp\libc_nano.a(libc_a-errno.o)
                0x08004a2c                __errno
 .text.__libc_init_array
                0x08004a38       0x48 C:/ST/STM32CubeIDE_1.19.0/STM32CubeIDE/plugins/com.st.stm32cube.ide.mcu.externaltools.gnu-tools-for-stm32.13.3.rel1.win32_1.0.0.202411081344/tools/bin/../lib/gcc/arm-none-eabi/13.3.1/../../../../arm-none-eabi/lib/thumb/v7-m/nofp\libc_nano.a(libc_a-init.o)
                0x08004a38                __libc_init_array
 .text.__retarget_lock_init_recursive
                0x08004a80        0x2 C:/ST/STM32CubeIDE_1.19.0/STM32CubeIDE/plugins/com.st.stm32cube.ide.mcu.externaltools.gnu-tools-for-stm32.13.3.rel1.win32_1.0.0.202411081344/tools/bin/../lib/gcc/arm-none-eabi/13.3.1/../../../../arm-none-eabi/lib/thumb/v7-m/nofp\libc_nano.a(libc_a-lock.o)
                0x08004a80                __retarget_lock_init_recursive
 .text.__retarget_lock_acquire_recursive
                0x08004a82        0x2 C:/ST/STM32CubeIDE_1.19.0/STM32CubeIDE/plugins/com.st.stm32cube.ide.mcu.externaltools.gnu-tools-for-stm32.13.3.rel1.win32_1.0.0.202411081344/tools/bin/../lib/gcc/arm-none-eabi/13.3.1/../../../../arm-none-eabi/lib/thumb/v7-m/nofp\libc_nano.a(libc_a-lock.o)
                0x08004a82                __retarget_lock_acquire_recursive
 .text.__retarget_lock_release_recursive
                0x08004a84        0x2 C:/ST/STM32CubeIDE_1.19.0/STM32CubeIDE/plugins/com.st.stm32cube.ide.mcu.externaltools.gnu-tools-for-stm32.13.3.rel1.win32_1.0.0.202411081344/tools/bin/../lib/gcc/arm-none-eabi/13.3.1/../../../../arm-none-eabi/lib/thumb/v7-m/nofp\libc_nano.a(libc_a-lock.o)
                0x08004a84                __retarget_lock_release_recursive
 *fill*         0x08004a86        0x2 
 .text._free_r  0x08004a88       0x90 C:/ST/STM32CubeIDE_1.19.0/STM32CubeIDE/plugins/com.st.stm32cube.ide.mcu.externaltools.gnu-tools-for-stm32.13.3.rel1.win32_1.0.0.202411081344/tools/bin/../lib/gcc/arm-none-eabi/13.3.1/../../../../arm-none-eabi/lib/thumb/v7-m/nofp\libc_nano.a(libc_a-freer.o)
                0x08004a88                _free_r
 .text.sbrk_aligned
                0x08004b18       0x44 C:/ST/STM32CubeIDE_1.19.0/STM32CubeIDE/plugins/com.st.stm32cube.ide.mcu.externaltools.gnu-tools-for-stm32.13.3.rel1.win32_1.0.0.202411081344/tools/bin/../lib/gcc/arm-none-eabi/13.3.1/../../../../arm-none-eabi/lib/thumb/v7-m/nofp\libc_nano.a(libc_a-mallocr.o)
 .text._malloc_r
                0x08004b5c      0x100 C:/ST/STM32CubeIDE_1.19.0/STM32CubeIDE/plugins/com.st.stm32cube.ide.mcu.externaltools.gnu-tools-for-stm32.13.3.rel1.win32_1.0.0.202411081344/tools/bin/../lib/gcc/arm-none-eabi/13.3.1/../../../../arm-none-eabi/lib/thumb/v7-m/nofp\libc_nano.a(libc_a-mallocr.o)
                0x08004b5c                _malloc_r
 .text.__malloc_lock
                0x08004c5c        0xc C:/ST/STM32CubeIDE_1.19.0/STM32CubeIDE/plugins/com.st.stm32cube.ide.mcu.externaltools.gnu-tools-for-stm32.13.3.rel1.win32_1.0.0.202411081344/tools/bin/../lib/gcc/arm-none-eabi/13.3.1/../../../../arm-none-eabi/lib/thumb/v7-m/nofp\libc_nano.a(libc_a-mlock.o)
                0x08004c5c                __malloc_lock
 .text.__malloc_unlock
                0x08004c68        0xc C:/ST/STM32CubeIDE_1.19.0/STM32CubeIDE/plugins/com.st.stm32cube.ide.mcu.externaltools.gnu-tools-for-stm32.13.3.rel1.win32_1.0.0.202411081344/tools/bin/../lib/gcc/arm-none-eabi/13.3.1/../../../../arm-none-eabi/lib/thumb/v7-m/nofp\libc_nano.a(libc_a-mlock.o)
                0x08004c68                __malloc_unlock
 .text.__sfputc_r
                0x08004c74       0x2a C:/ST/STM32CubeIDE_1.19.0/STM32CubeIDE/plugins/com.st.stm32cube.ide.mcu.externaltools.gnu-tools-for-stm32.13.3.rel1.win32_1.0.0.202411081344/tools/bin/../lib/gcc/arm-none-eabi/13.3.1/../../../../arm-none-eabi/lib/thumb/v7-m/nofp\libc_nano.a(libc_a-nano-vfprintf.o)
 .text.__sfputs_r
                0x08004c9e       0x24 C:/ST/STM32CubeIDE_1.19.0/STM32CubeIDE/plugins/com.st.stm32cube.ide.mcu.externaltools.gnu-tools-for-stm32.13.3.rel1.win32_1.0.0.202411081344/tools/bin/../lib/gcc/arm-none-eabi/13.3.1/../../../../arm-none-eabi/lib/thumb/v7-m/nofp\libc_nano.a(libc_a-nano-vfprintf.o)
                0x08004c9e                __sfputs_r
 *fill*         0x08004cc2        0x2 
 .text._vfprintf_r
                0x08004cc4      0x230 C:/ST/STM32CubeIDE_1.19.0/STM32CubeIDE/plugins/com.st.stm32cube.ide.mcu.externaltools.gnu-tools-for-stm32.13.3.rel1.win32_1.0.0.202411081344/tools/bin/../lib/gcc/arm-none-eabi/13.3.1/../../../../arm-none-eabi/lib/thumb/v7-m/nofp\libc_nano.a(libc_a-nano-vfprintf.o)
                0x08004cc4                _vfprintf_r
                0x08004cc4                _vfiprintf_r
 .text._printf_common
                0x08004ef4       0xe4 C:/ST/STM32CubeIDE_1.19.0/STM32CubeIDE/plugins/com.st.stm32cube.ide.mcu.externaltools.gnu-tools-for-stm32.13.3.rel1.win32_1.0.0.202411081344/tools/bin/../lib/gcc/arm-none-eabi/13.3.1/../../../../arm-none-eabi/lib/thumb/v7-m/nofp\libc_nano.a(libc_a-nano-vfprintf_i.o)
                0x08004ef4                _printf_common
 .text._printf_i
                0x08004fd8      0x23c C:/ST/STM32CubeIDE_1.19.0/STM32CubeIDE/plugins/com.st.stm32cube.ide.mcu.externaltools.gnu-tools-for-stm32.13.3.rel1.win32_1.0.0.202411081344/tools/bin/../lib/gcc/arm-none-eabi/13.3.1/../../../../arm-none-eabi/lib/thumb/v7-m/nofp\libc_nano.a(libc_a-nano-vfprintf_i.o)
                0x08004fd8                _printf_i
 .text.__sflush_r
                0x08005214      0x100 C:/ST/STM32CubeIDE_1.19.0/STM32CubeIDE/plugins/com.st.stm32cube.ide.mcu.externaltools.gnu-tools-for-stm32.13.3.rel1.win32_1.0.0.202411081344/tools/bin/../lib/gcc/arm-none-eabi/13.3.1/../../../../arm-none-eabi/lib/thumb/v7-m/nofp\libc_nano.a(libc_a-fflush.o)
                0x08005214                __sflush_r
 .text._fflush_r
                0x08005314       0x50 C:/ST/STM32CubeIDE_1.19.0/STM32CubeIDE/plugins/com.st.stm32cube.ide.mcu.externaltools.gnu-tools-for-stm32.13.3.rel1.win32_1.0.0.202411081344/tools/bin/../lib/gcc/arm-none-eabi/13.3.1/../../../../arm-none-eabi/lib/thumb/v7-m/nofp\libc_nano.a(libc_a-fflush.o)
                0x08005314                _fflush_r
 .text.__swbuf_r
                0x08005364       0x7c C:/ST/STM32CubeIDE_1.19.0/STM32CubeIDE/plugins/com.st.stm32cube.ide.mcu.externaltools.gnu-tools-for-stm32.13.3.rel1.win32_1.0.0.202411081344/tools/bin/../lib/gcc/arm-none-eabi/13.3.1/../../../../arm-none-eabi/lib/thumb/v7-m/nofp\libc_nano.a(libc_a-wbuf.o)
                0x08005364                __swbuf_r
 .text.__swsetup_r
                0x080053e0       0xac C:/ST/STM32CubeIDE_1.19.0/STM32CubeIDE/plugins/com.st.stm32cube.ide.mcu.externaltools.gnu-tools-for-stm32.13.3.rel1.win32_1.0.0.202411081344/tools/bin/../lib/gcc/arm-none-eabi/13.3.1/../../../../arm-none-eabi/lib/thumb/v7-m/nofp\libc_nano.a(libc_a-wsetup.o)
                0x080053e0                __swsetup_r
 .text._sbrk_r  0x0800548c       0x20 C:/ST/STM32CubeIDE_1.19.0/STM32CubeIDE/plugins/com.st.stm32cube.ide.mcu.externaltools.gnu-tools-for-stm32.13.3.rel1.win32_1.0.0.202411081344/tools/bin/../lib/gcc/arm-none-eabi/13.3.1/../../../../arm-none-eabi/lib/thumb/v7-m/nofp\libc_nano.a(libc_a-sbrkr.o)
                0x0800548c                _sbrk_r
 .text.memchr   0x080054ac       0x1c C:/ST/STM32CubeIDE_1.19.0/STM32CubeIDE/plugins/com.st.stm32cube.ide.mcu.externaltools.gnu-tools-for-stm32.13.3.rel1.win32_1.0.0.202411081344/tools/bin/../lib/gcc/arm-none-eabi/13.3.1/../../../../arm-none-eabi/lib/thumb/v7-m/nofp\libc_nano.a(libc_a-memchr-stub.o)
                0x080054ac                memchr
 .text.__swhatbuf_r
                0x080054c8       0x4a C:/ST/STM32CubeIDE_1.19.0/STM32CubeIDE/plugins/com.st.stm32cube.ide.mcu.externaltools.gnu-tools-for-stm32.13.3.rel1.win32_1.0.0.202411081344/tools/bin/../lib/gcc/arm-none-eabi/13.3.1/../../../../arm-none-eabi/lib/thumb/v7-m/nofp\libc_nano.a(libc_a-makebuf.o)
                0x080054c8                __swhatbuf_r
 .text.__smakebuf_r
                0x08005512       0x78 C:/ST/STM32CubeIDE_1.19.0/STM32CubeIDE/plugins/com.st.stm32cube.ide.mcu.externaltools.gnu-tools-for-stm32.13.3.rel1.win32_1.0.0.202411081344/tools/bin/../lib/gcc/arm-none-eabi/13.3.1/../../../../arm-none-eabi/lib/thumb/v7-m/nofp\libc_nano.a(libc_a-makebuf.o)
                0x08005512                __smakebuf_r
 *fill*         0x0800558a        0x2 
 .text._fstat_r
                0x0800558c       0x24 C:/ST/STM32CubeIDE_1.19.0/STM32CubeIDE/plugins/com.st.stm32cube.ide.mcu.externaltools.gnu-tools-for-stm32.13.3.rel1.win32_1.0.0.202411081344/tools/bin/../lib/gcc/arm-none-eabi/13.3.1/../../../../arm-none-eabi/lib/thumb/v7-m/nofp\libc_nano.a(libc_a-fstatr.o)
                0x0800558c                _fstat_r
 .text._isatty_r
                0x080055b0       0x20 C:/ST/STM32CubeIDE_1.19.0/STM32CubeIDE/plugins/com.st.stm32cube.ide.mcu.externaltools.gnu-tools-for-stm32.13.3.rel1.win32_1.0.0.202411081344/tools/bin/../lib/gcc/arm-none-eabi/13.3.1/../../../../arm-none-eabi/lib/thumb/v7-m/nofp\libc_nano.a(libc_a-isattyr.o)
                0x080055b0                _isatty_r
 *(.glue_7)
 .glue_7        0x080055d0        0x0 linker stubs
 *(.glue_7t)
 .glue_7t       0x080055d0        0x0 linker stubs
 *(.eh_frame)
 .eh_frame      0x080055d0        0x0 C:/ST/STM32CubeIDE_1.19.0/STM32CubeIDE/plugins/com.st.stm32cube.ide.mcu.externaltools.gnu-tools-for-stm32.13.3.rel1.win32_1.0.0.202411081344/tools/bin/../lib/gcc/arm-none-eabi/13.3.1/thumb/v7-m/nofp/crtbegin.o
 *(.init)
 .init          0x080055d0        0x4 C:/ST/STM32CubeIDE_1.19.0/STM32CubeIDE/plugins/com.st.stm32cube.ide.mcu.externaltools.gnu-tools-for-stm32.13.3.rel1.win32_1.0.0.202411081344/tools/bin/../lib/gcc/arm-none-eabi/13.3.1/thumb/v7-m/nofp/crti.o
                0x080055d0                _init
 .init          0x080055d4        0x8 C:/ST/STM32CubeIDE_1.19.0/STM32CubeIDE/plugins/com.st.stm32cube.ide.mcu.externaltools.gnu-tools-for-stm32.13.3.rel1.win32_1.0.0.202411081344/tools/bin/../lib/gcc/arm-none-eabi/13.3.1/thumb/v7-m/nofp/crtn.o
 *(.fini)
 .fini          0x080055dc        0x4 C:/ST/STM32CubeIDE_1.19.0/STM32CubeIDE/plugins/com.st.stm32cube.ide.mcu.externaltools.gnu-tools-for-stm32.13.3.rel1.win32_1.0.0.202411081344/tools/bin/../lib/gcc/arm-none-eabi/13.3.1/thumb/v7-m/nofp/crti.o
                0x080055dc                _fini
 .fini          0x080055e0        0x8 C:/ST/STM32CubeIDE_1.19.0/STM32CubeIDE/plugins/com.st.stm32cube.ide.mcu.externaltools.gnu-tools-for-stm32.13.3.rel1.win32_1.0.0.202411081344/tools/bin/../lib/gcc/arm-none-eabi/13.3.1/thumb/v7-m/nofp/crtn.o
                0x080055e8                        . = ALIGN (0x4)
                0x080055e8                        _etext = .

.vfp11_veneer   0x080055e8        0x0
 .vfp11_veneer  0x080055e8        0x0 linker stubs

.v4_bx          0x080055e8        0x0
 .v4_bx         0x080055e8        0x0 linker stubs

.iplt           0x080055e8        0x0
 .iplt          0x080055e8        0x0 C:/ST/STM32CubeIDE_1.19.0/STM32CubeIDE/plugins/com.st.stm32cube.ide.mcu.externaltools.gnu-tools-for-stm32.13.3.rel1.win32_1.0.0.202411081344/tools/bin/../lib/gcc/arm-none-eabi/13.3.1/thumb/v7-m/nofp/crtbegin.o

.rodata         0x080055e8       0x98
                0x080055e8                        . = ALIGN (0x4)
 *(.rodata)
 .rodata        0x080055e8       0x3f ./Core/Src/main.o
 *(.rodata*)
 *fill*         0x08005627        0x1 
 .rodata.LED_PINS
                0x08005628        0xa ./Core/Src/gesture_utility.o
                0x08005628                LED_PINS
 *fill*         0x08005632        0x2 
 .rodata.AHBPrescTable
                0x08005634       0x10 ./Core/Src/system_stm32f2xx.o
                0x08005634                AHBPrescTable
 .rodata.APBPrescTable
                0x08005644        0x8 ./Core/Src/system_stm32f2xx.o
                0x08005644                APBPrescTable
 .rodata._vfprintf_r.str1.1
                0x0800564c       0x33 C:/ST/STM32CubeIDE_1.19.0/STM32CubeIDE/plugins/com.st.stm32cube.ide.mcu.externaltools.gnu-tools-for-stm32.13.3.rel1.win32_1.0.0.202411081344/tools/bin/../lib/gcc/arm-none-eabi/13.3.1/../../../../arm-none-eabi/lib/thumb/v7-m/nofp\libc_nano.a(libc_a-nano-vfprintf.o)
                                 0x11 (size before relaxing)
 .rodata._printf_i.str1.1
                0x0800567f       0x22 C:/ST/STM32CubeIDE_1.19.0/STM32CubeIDE/plugins/com.st.stm32cube.ide.mcu.externaltools.gnu-tools-for-stm32.13.3.rel1.win32_1.0.0.202411081344/tools/bin/../lib/gcc/arm-none-eabi/13.3.1/../../../../arm-none-eabi/lib/thumb/v7-m/nofp\libc_nano.a(libc_a-nano-vfprintf_i.o)
                0x080056a4                        . = ALIGN (0x4)
 *fill*         0x0800567f        0x1 

.ARM.extab      0x08005680        0x0
                0x08005680                        . = ALIGN (0x4)
 *(.ARM.extab* .gnu.linkonce.armextab.*)
                0x08005680                        . = ALIGN (0x4)

.ARM            0x08005680        0x8
                0x08005680                        . = ALIGN (0x4)
                0x08005680                        __exidx_start = .
 *(.ARM.exidx*)
 .ARM.exidx     0x08005680        0x8 C:/ST/STM32CubeIDE_1.19.0/STM32CubeIDE/plugins/com.st.stm32cube.ide.mcu.externaltools.gnu-tools-for-stm32.13.3.rel1.win32_1.0.0.202411081344/tools/bin/../lib/gcc/arm-none-eabi/13.3.1/thumb/v7-m/nofp\libgcc.a(_udivmoddi4.o)
                0x08005688                        __exidx_end = .
                0x08005688                        . = ALIGN (0x4)

.preinit_array  0x08005688        0x0
                0x08005688                        . = ALIGN (0x4)
                0x08005688                        PROVIDE (__preinit_array_start = .)
 *(.preinit_array*)
                0x08005688                        PROVIDE (__preinit_array_end = .)
                0x08005688                        . = ALIGN (0x4)

.init_array     0x08005688        0x4
                0x08005688                        . = ALIGN (0x4)
                0x08005688                        PROVIDE (__init_array_start = .)
 *(SORT_BY_NAME(.init_array.*))
 *(.init_array*)
 .init_array    0x08005688        0x4 C:/ST/STM32CubeIDE_1.19.0/STM32CubeIDE/plugins/com.st.stm32cube.ide.mcu.externaltools.gnu-tools-for-stm32.13.3.rel1.win32_1.0.0.202411081344/tools/bin/../lib/gcc/arm-none-eabi/13.3.1/thumb/v7-m/nofp/crtbegin.o
                0x0800568c                        PROVIDE (__init_array_end = .)
                0x0800568c                        . = ALIGN (0x4)

.fini_array     0x0800568c        0x4
                0x0800568c                        . = ALIGN (0x4)
                [!provide]                        PROVIDE (__fini_array_start = .)
 *(SORT_BY_NAME(.fini_array.*))
 *(.fini_array*)
 .fini_array    0x0800568c        0x4 C:/ST/STM32CubeIDE_1.19.0/STM32CubeIDE/plugins/com.st.stm32cube.ide.mcu.externaltools.gnu-tools-for-stm32.13.3.rel1.win32_1.0.0.202411081344/tools/bin/../lib/gcc/arm-none-eabi/13.3.1/thumb/v7-m/nofp/crtbegin.o
                [!provide]                        PROVIDE (__fini_array_end = .)
                0x08005690                        . = ALIGN (0x4)
                0x08005690                        _sidata = LOADADDR (.data)

.rel.dyn        0x08005690        0x0
 .rel.iplt      0x08005690        0x0 C:/ST/STM32CubeIDE_1.19.0/STM32CubeIDE/plugins/com.st.stm32cube.ide.mcu.externaltools.gnu-tools-for-stm32.13.3.rel1.win32_1.0.0.202411081344/tools/bin/../lib/gcc/arm-none-eabi/13.3.1/thumb/v7-m/nofp/crtbegin.o

.data           0x20000000       0x68 load address 0x08005690
                0x20000000                        . = ALIGN (0x4)
                0x20000000                        _sdata = .
 *(.data)
 *(.data*)
 .data.SystemCoreClock
                0x20000000        0x4 ./Core/Src/system_stm32f2xx.o
                0x20000000                SystemCoreClock
 .data.uwTickPrio
                0x20000004        0x4 ./Drivers/STM32F2xx_HAL_Driver/Src/stm32f2xx_hal.o
                0x20000004                uwTickPrio
 .data.uwTickFreq
                0x20000008        0x1 ./Drivers/STM32F2xx_HAL_Driver/Src/stm32f2xx_hal.o
                0x20000008                uwTickFreq
 *fill*         0x20000009        0x3 
 .data.__sglue  0x2000000c        0xc C:/ST/STM32CubeIDE_1.19.0/STM32CubeIDE/plugins/com.st.stm32cube.ide.mcu.externaltools.gnu-tools-for-stm32.13.3.rel1.win32_1.0.0.202411081344/tools/bin/../lib/gcc/arm-none-eabi/13.3.1/../../../../arm-none-eabi/lib/thumb/v7-m/nofp\libc_nano.a(libc_a-findfp.o)
                0x2000000c                __sglue
 .data._impure_ptr
                0x20000018        0x4 C:/ST/STM32CubeIDE_1.19.0/STM32CubeIDE/plugins/com.st.stm32cube.ide.mcu.externaltools.gnu-tools-for-stm32.13.3.rel1.win32_1.0.0.202411081344/tools/bin/../lib/gcc/arm-none-eabi/13.3.1/../../../../arm-none-eabi/lib/thumb/v7-m/nofp\libc_nano.a(libc_a-impure.o)
                0x20000018                _impure_ptr
 .data._impure_data
                0x2000001c       0x4c C:/ST/STM32CubeIDE_1.19.0/STM32CubeIDE/plugins/com.st.stm32cube.ide.mcu.externaltools.gnu-tools-for-stm32.13.3.rel1.win32_1.0.0.202411081344/tools/bin/../lib/gcc/arm-none-eabi/13.3.1/../../../../arm-none-eabi/lib/thumb/v7-m/nofp\libc_nano.a(libc_a-impure.o)
                0x2000001c                _impure_data
 *(.RamFunc)
 *(.RamFunc*)
                0x20000068                        . = ALIGN (0x4)
                0x20000068                        _edata = .

.igot.plt       0x20000068        0x0 load address 0x080056f8
 .igot.plt      0x20000068        0x0 C:/ST/STM32CubeIDE_1.19.0/STM32CubeIDE/plugins/com.st.stm32cube.ide.mcu.externaltools.gnu-tools-for-stm32.13.3.rel1.win32_1.0.0.202411081344/tools/bin/../lib/gcc/arm-none-eabi/13.3.1/thumb/v7-m/nofp/crtbegin.o
                0x20000068                        . = ALIGN (0x4)

.bss            0x20000068      0x73c load address 0x080056f8
                0x20000068                        _sbss = .
                0x20000068                        __bss_start__ = _sbss
 *(.bss)
 .bss           0x20000068       0x1c C:/ST/STM32CubeIDE_1.19.0/STM32CubeIDE/plugins/com.st.stm32cube.ide.mcu.externaltools.gnu-tools-for-stm32.13.3.rel1.win32_1.0.0.202411081344/tools/bin/../lib/gcc/arm-none-eabi/13.3.1/thumb/v7-m/nofp/crtbegin.o
 *(.bss*)
 .bss.heth      0x20000084       0x48 ./Core/Src/main.o
                0x20000084                heth
 .bss.hi2c1     0x200000cc       0x54 ./Core/Src/main.o
                0x200000cc                hi2c1
 .bss.huart3    0x20000120       0x48 ./Core/Src/main.o
                0x20000120                huart3
 .bss.hpcd_USB_OTG_FS
                0x20000168      0x4dc ./Core/Src/main.o
                0x20000168                hpcd_USB_OTG_FS
 .bss.MACAddr.0
                0x20000644        0x6 ./Core/Src/main.o
 *fill*         0x2000064a        0x2 
 .bss.paj_i2c   0x2000064c        0x4 ./Core/Src/paj7660.o
 .bss.__sbrk_heap_end
                0x20000650        0x4 ./Core/Src/sysmem.o
 .bss.uwTick    0x20000654        0x4 ./Drivers/STM32F2xx_HAL_Driver/Src/stm32f2xx_hal.o
                0x20000654                uwTick
 .bss.__sf      0x20000658      0x138 C:/ST/STM32CubeIDE_1.19.0/STM32CubeIDE/plugins/com.st.stm32cube.ide.mcu.externaltools.gnu-tools-for-stm32.13.3.rel1.win32_1.0.0.202411081344/tools/bin/../lib/gcc/arm-none-eabi/13.3.1/../../../../arm-none-eabi/lib/thumb/v7-m/nofp\libc_nano.a(libc_a-findfp.o)
                0x20000658                __sf
 .bss.__stdio_exit_handler
                0x20000790        0x4 C:/ST/STM32CubeIDE_1.19.0/STM32CubeIDE/plugins/com.st.stm32cube.ide.mcu.externaltools.gnu-tools-for-stm32.13.3.rel1.win32_1.0.0.202411081344/tools/bin/../lib/gcc/arm-none-eabi/13.3.1/../../../../arm-none-eabi/lib/thumb/v7-m/nofp\libc_nano.a(libc_a-findfp.o)
                0x20000790                __stdio_exit_handler
 .bss.errno     0x20000794        0x4 C:/ST/STM32CubeIDE_1.19.0/STM32CubeIDE/plugins/com.st.stm32cube.ide.mcu.externaltools.gnu-tools-for-stm32.13.3.rel1.win32_1.0.0.202411081344/tools/bin/../lib/gcc/arm-none-eabi/13.3.1/../../../../arm-none-eabi/lib/thumb/v7-m/nofp\libc_nano.a(libc_a-reent.o)
                0x20000794                errno
 .bss.__lock___malloc_recursive_mutex
                0x20000798        0x1 C:/ST/STM32CubeIDE_1.19.0/STM32CubeIDE/plugins/com.st.stm32cube.ide.mcu.externaltools.gnu-tools-for-stm32.13.3.rel1.win32_1.0.0.202411081344/tools/bin/../lib/gcc/arm-none-eabi/13.3.1/../../../../arm-none-eabi/lib/thumb/v7-m/nofp\libc_nano.a(libc_a-lock.o)
                0x20000798                __lock___malloc_recursive_mutex
 .bss.__lock___sfp_recursive_mutex
                0x20000799        0x1 C:/ST/STM32CubeIDE_1.19.0/STM32CubeIDE/plugins/com.st.stm32cube.ide.mcu.externaltools.gnu-tools-for-stm32.13.3.rel1.win32_1.0.0.202411081344/tools/bin/../lib/gcc/arm-none-eabi/13.3.1/../../../../arm-none-eabi/lib/thumb/v7-m/nofp\libc_nano.a(libc_a-lock.o)
                0x20000799                __lock___sfp_recursive_mutex
 *fill*         0x2000079a        0x2 
 .bss.__malloc_sbrk_start
                0x2000079c        0x4 C:/ST/STM32CubeIDE_1.19.0/STM32CubeIDE/plugins/com.st.stm32cube.ide.mcu.externaltools.gnu-tools-for-stm32.13.3.rel1.win32_1.0.0.202411081344/tools/bin/../lib/gcc/arm-none-eabi/13.3.1/../../../../arm-none-eabi/lib/thumb/v7-m/nofp\libc_nano.a(libc_a-mallocr.o)
                0x2000079c                __malloc_sbrk_start
 .bss.__malloc_free_list
                0x200007a0        0x4 C:/ST/STM32CubeIDE_1.19.0/STM32CubeIDE/plugins/com.st.stm32cube.ide.mcu.externaltools.gnu-tools-for-stm32.13.3.rel1.win32_1.0.0.202411081344/tools/bin/../lib/gcc/arm-none-eabi/13.3.1/../../../../arm-none-eabi/lib/thumb/v7-m/nofp\libc_nano.a(libc_a-mallocr.o)
                0x200007a0                __malloc_free_list
 *(COMMON)
                0x200007a4                        . = ALIGN (0x4)
                0x200007a4                        _ebss = .
                0x200007a4                        __bss_end__ = _ebss

._user_heap_stack
                0x200007a4      0x604 load address 0x080056f8
                0x200007a8                        . = ALIGN (0x8)
 *fill*         0x200007a4        0x4 
                [!provide]                        PROVIDE (end = .)
                0x200007a8                        PROVIDE (_end = .)
                0x200009a8                        . = (. + _Min_Heap_Size)
 *fill*         0x200007a8      0x200 
                0x20000da8                        . = (. + _Min_Stack_Size)
 *fill*         0x200009a8      0x400 
                0x20000da8                        . = ALIGN (0x8)

/DISCARD/
 libc.a(*)
 libm.a(*)
 libgcc.a(*)

.ARM.attributes
                0x00000000       0x29
 *(.ARM.attributes)
 .ARM.attributes
                0x00000000       0x1d C:/ST/STM32CubeIDE_1.19.0/STM32CubeIDE/plugins/com.st.stm32cube.ide.mcu.externaltools.gnu-tools-for-stm32.13.3.rel1.win32_1.0.0.202411081344/tools/bin/../lib/gcc/arm-none-eabi/13.3.1/thumb/v7-m/nofp/crti.o
 .ARM.attributes
                0x0000001d       0x2d C:/ST/STM32CubeIDE_1.19.0/STM32CubeIDE/plugins/com.st.stm32cube.ide.mcu.externaltools.gnu-tools-for-stm32.13.3.rel1.win32_1.0.0.202411081344/tools/bin/../lib/gcc/arm-none-eabi/13.3.1/thumb/v7-m/nofp/crtbegin.o
 .ARM.attributes
                0x0000004a       0x2d ./Core/Src/gesture_utility.o
 .ARM.attributes
                0x00000077       0x2d ./Core/Src/main.o
 .ARM.attributes
                0x000000a4       0x2d ./Core/Src/paj7660.o
 .ARM.attributes
                0x000000d1       0x2d ./Core/Src/stm32f2xx_hal_msp.o
 .ARM.attributes
                0x000000fe       0x2d ./Core/Src/stm32f2xx_it.o
 .ARM.attributes
                0x0000012b       0x2d ./Core/Src/syscalls.o
 .ARM.attributes
                0x00000158       0x2d ./Core/Src/sysmem.o
 .ARM.attributes
                0x00000185       0x2d ./Core/Src/system_stm32f2xx.o
 .ARM.attributes
                0x000001b2       0x21 ./Core/Startup/startup_stm32f207zgtx.o
 .ARM.attributes
                0x000001d3       0x2d ./Drivers/STM32F2xx_HAL_Driver/Src/stm32f2xx_hal.o
 .ARM.attributes
                0x00000200       0x2d ./Drivers/STM32F2xx_HAL_Driver/Src/stm32f2xx_hal_cortex.o
 .ARM.attributes
                0x0000022d       0x2d ./Drivers/STM32F2xx_HAL_Driver/Src/stm32f2xx_hal_eth.o
 .ARM.attributes
                0x0000025a       0x2d ./Drivers/STM32F2xx_HAL_Driver/Src/stm32f2xx_hal_gpio.o
 .ARM.attributes
                0x00000287       0x2d ./Drivers/STM32F2xx_HAL_Driver/Src/stm32f2xx_hal_i2c.o
 .ARM.attributes
                0x000002b4       0x2d ./Drivers/STM32F2xx_HAL_Driver/Src/stm32f2xx_hal_pcd.o
 .ARM.attributes
                0x000002e1       0x2d ./Drivers/STM32F2xx_HAL_Driver/Src/stm32f2xx_hal_rcc.o
 .ARM.attributes
                0x0000030e       0x2d ./Drivers/STM32F2xx_HAL_Driver/Src/stm32f2xx_hal_uart.o
 .ARM.attributes
                0x0000033b       0x2d ./Drivers/STM32F2xx_HAL_Driver/Src/stm32f2xx_ll_usb.o
 .ARM.attributes
                0x00000368       0x2d C:/ST/STM32CubeIDE_1.19.0/STM32CubeIDE/plugins/com.st.stm32cube.ide.mcu.externaltools.gnu-tools-for-stm32.13.3.rel1.win32_1.0.0.202411081344/tools/bin/../lib/gcc/arm-none-eabi/13.3.1/../../../../arm-none-eabi/lib/thumb/v7-m/nofp\libc_nano.a(libc_a-findfp.o)
 .ARM.attributes
                0x00000395       0x2d C:/ST/STM32CubeIDE_1.19.0/STM32CubeIDE/plugins/com.st.stm32cube.ide.mcu.externaltools.gnu-tools-for-stm32.13.3.rel1.win32_1.0.0.202411081344/tools/bin/../lib/gcc/arm-none-eabi/13.3.1/../../../../arm-none-eabi/lib/thumb/v7-m/nofp\libc_nano.a(libc_a-fwalk.o)
 .ARM.attributes
                0x000003c2       0x2d C:/ST/STM32CubeIDE_1.19.0/STM32CubeIDE/plugins/com.st.stm32cube.ide.mcu.externaltools.gnu-tools-for-stm32.13.3.rel1.win32_1.0.0.202411081344/tools/bin/../lib/gcc/arm-none-eabi/13.3.1/../../../../arm-none-eabi/lib/thumb/v7-m/nofp\libc_nano.a(libc_a-printf.o)
 .ARM.attributes
                0x000003ef       0x2d C:/ST/STM32CubeIDE_1.19.0/STM32CubeIDE/plugins/com.st.stm32cube.ide.mcu.externaltools.gnu-tools-for-stm32.13.3.rel1.win32_1.0.0.202411081344/tools/bin/../lib/gcc/arm-none-eabi/13.3.1/../../../../arm-none-eabi/lib/thumb/v7-m/nofp\libc_nano.a(libc_a-stdio.o)
 .ARM.attributes
                0x0000041c       0x2d C:/ST/STM32CubeIDE_1.19.0/STM32CubeIDE/plugins/com.st.stm32cube.ide.mcu.externaltools.gnu-tools-for-stm32.13.3.rel1.win32_1.0.0.202411081344/tools/bin/../lib/gcc/arm-none-eabi/13.3.1/../../../../arm-none-eabi/lib/thumb/v7-m/nofp\libc_nano.a(libc_a-memset.o)
 .ARM.attributes
                0x00000449       0x2d C:/ST/STM32CubeIDE_1.19.0/STM32CubeIDE/plugins/com.st.stm32cube.ide.mcu.externaltools.gnu-tools-for-stm32.13.3.rel1.win32_1.0.0.202411081344/tools/bin/../lib/gcc/arm-none-eabi/13.3.1/../../../../arm-none-eabi/lib/thumb/v7-m/nofp\libc_nano.a(libc_a-closer.o)
 .ARM.attributes
                0x00000476       0x2d C:/ST/STM32CubeIDE_1.19.0/STM32CubeIDE/plugins/com.st.stm32cube.ide.mcu.externaltools.gnu-tools-for-stm32.13.3.rel1.win32_1.0.0.202411081344/tools/bin/../lib/gcc/arm-none-eabi/13.3.1/../../../../arm-none-eabi/lib/thumb/v7-m/nofp\libc_nano.a(libc_a-reent.o)
 .ARM.attributes
                0x000004a3       0x2d C:/ST/STM32CubeIDE_1.19.0/STM32CubeIDE/plugins/com.st.stm32cube.ide.mcu.externaltools.gnu-tools-for-stm32.13.3.rel1.win32_1.0.0.202411081344/tools/bin/../lib/gcc/arm-none-eabi/13.3.1/../../../../arm-none-eabi/lib/thumb/v7-m/nofp\libc_nano.a(libc_a-impure.o)
 .ARM.attributes
                0x000004d0       0x2d C:/ST/STM32CubeIDE_1.19.0/STM32CubeIDE/plugins/com.st.stm32cube.ide.mcu.externaltools.gnu-tools-for-stm32.13.3.rel1.win32_1.0.0.202411081344/tools/bin/../lib/gcc/arm-none-eabi/13.3.1/../../../../arm-none-eabi/lib/thumb/v7-m/nofp\libc_nano.a(libc_a-lseekr.o)
 .ARM.attributes
                0x000004fd       0x2d C:/ST/STM32CubeIDE_1.19.0/STM32CubeIDE/plugins/com.st.stm32cube.ide.mcu.externaltools.gnu-tools-for-stm32.13.3.rel1.win32_1.0.0.202411081344/tools/bin/../lib/gcc/arm-none-eabi/13.3.1/../../../../arm-none-eabi/lib/thumb/v7-m/nofp\libc_nano.a(libc_a-readr.o)
 .ARM.attributes
                0x0000052a       0x2d C:/ST/STM32CubeIDE_1.19.0/STM32CubeIDE/plugins/com.st.stm32cube.ide.mcu.externaltools.gnu-tools-for-stm32.13.3.rel1.win32_1.0.0.202411081344/tools/bin/../lib/gcc/arm-none-eabi/13.3.1/../../../../arm-none-eabi/lib/thumb/v7-m/nofp\libc_nano.a(libc_a-writer.o)
 .ARM.attributes
                0x00000557       0x2d C:/ST/STM32CubeIDE_1.19.0/STM32CubeIDE/plugins/com.st.stm32cube.ide.mcu.externaltools.gnu-tools-for-stm32.13.3.rel1.win32_1.0.0.202411081344/tools/bin/../lib/gcc/arm-none-eabi/13.3.1/../../../../arm-none-eabi/lib/thumb/v7-m/nofp\libc_nano.a(libc_a-errno.o)
 .ARM.attributes
                0x00000584       0x2d C:/ST/STM32CubeIDE_1.19.0/STM32CubeIDE/plugins/com.st.stm32cube.ide.mcu.externaltools.gnu-tools-for-stm32.13.3.rel1.win32_1.0.0.202411081344/tools/bin/../lib/gcc/arm-none-eabi/13.3.1/../../../../arm-none-eabi/lib/thumb/v7-m/nofp\libc_nano.a(libc_a-init.o)
 .ARM.attributes
                0x000005b1       0x2d C:/ST/STM32CubeIDE_1.19.0/STM32CubeIDE/plugins/com.st.stm32cube.ide.mcu.externaltools.gnu-tools-for-stm32.13.3.rel1.win32_1.0.0.202411081344/tools/bin/../lib/gcc/arm-none-eabi/13.3.1/../../../../arm-none-eabi/lib/thumb/v7-m/nofp\libc_nano.a(libc_a-lock.o)
 .ARM.attributes
                0x000005de       0x2d C:/ST/STM32CubeIDE_1.19.0/STM32CubeIDE/plugins/com.st.stm32cube.ide.mcu.externaltools.gnu-tools-for-stm32.13.3.rel1.win32_1.0.0.202411081344/tools/bin/../lib/gcc/arm-none-eabi/13.3.1/../../../../arm-none-eabi/lib/thumb/v7-m/nofp\libc_nano.a(libc_a-freer.o)
 .ARM.attributes
                0x0000060b       0x2d C:/ST/STM32CubeIDE_1.19.0/STM32CubeIDE/plugins/com.st.stm32cube.ide.mcu.externaltools.gnu-tools-for-stm32.13.3.rel1.win32_1.0.0.202411081344/tools/bin/../lib/gcc/arm-none-eabi/13.3.1/../../../../arm-none-eabi/lib/thumb/v7-m/nofp\libc_nano.a(libc_a-mallocr.o)
 .ARM.attributes
                0x00000638       0x2d C:/ST/STM32CubeIDE_1.19.0/STM32CubeIDE/plugins/com.st.stm32cube.ide.mcu.externaltools.gnu-tools-for-stm32.13.3.rel1.win32_1.0.0.202411081344/tools/bin/../lib/gcc/arm-none-eabi/13.3.1/../../../../arm-none-eabi/lib/thumb/v7-m/nofp\libc_nano.a(libc_a-mlock.o)
 .ARM.attributes
                0x00000665       0x2d C:/ST/STM32CubeIDE_1.19.0/STM32CubeIDE/plugins/com.st.stm32cube.ide.mcu.externaltools.gnu-tools-for-stm32.13.3.rel1.win32_1.0.0.202411081344/tools/bin/../lib/gcc/arm-none-eabi/13.3.1/../../../../arm-none-eabi/lib/thumb/v7-m/nofp\libc_nano.a(libc_a-nano-vfprintf.o)
 .ARM.attributes
                0x00000692       0x2d C:/ST/STM32CubeIDE_1.19.0/STM32CubeIDE/plugins/com.st.stm32cube.ide.mcu.externaltools.gnu-tools-for-stm32.13.3.rel1.win32_1.0.0.202411081344/tools/bin/../lib/gcc/arm-none-eabi/13.3.1/../../../../arm-none-eabi/lib/thumb/v7-m/nofp\libc_nano.a(libc_a-nano-vfprintf_i.o)
 .ARM.attributes
                0x000006bf       0x2d C:/ST/STM32CubeIDE_1.19.0/STM32CubeIDE/plugins/com.st.stm32cube.ide.mcu.externaltools.gnu-tools-for-stm32.13.3.rel1.win32_1.0.0.202411081344/tools/bin/../lib/gcc/arm-none-eabi/13.3.1/../../../../arm-none-eabi/lib/thumb/v7-m/nofp\libc_nano.a(libc_a-fflush.o)
 .ARM.attributes
                0x000006ec       0x2d C:/ST/STM32CubeIDE_1.19.0/STM32CubeIDE/plugins/com.st.stm32cube.ide.mcu.externaltools.gnu-tools-for-stm32.13.3.rel1.win32_1.0.0.202411081344/tools/bin/../lib/gcc/arm-none-eabi/13.3.1/../../../../arm-none-eabi/lib/thumb/v7-m/nofp\libc_nano.a(libc_a-wbuf.o)
 .ARM.attributes
                0x00000719       0x2d C:/ST/STM32CubeIDE_1.19.0/STM32CubeIDE/plugins/com.st.stm32cube.ide.mcu.externaltools.gnu-tools-for-stm32.13.3.rel1.win32_1.0.0.202411081344/tools/bin/../lib/gcc/arm-none-eabi/13.3.1/../../../../arm-none-eabi/lib/thumb/v7-m/nofp\libc_nano.a(libc_a-wsetup.o)
 .ARM.attributes
                0x00000746       0x2d C:/ST/STM32CubeIDE_1.19.0/STM32CubeIDE/plugins/com.st.stm32cube.ide.mcu.externaltools.gnu-tools-for-stm32.13.3.rel1.win32_1.0.0.202411081344/tools/bin/../lib/gcc/arm-none-eabi/13.3.1/../../../../arm-none-eabi/lib/thumb/v7-m/nofp\libc_nano.a(libc_a-sbrkr.o)
 .ARM.attributes
                0x00000773       0x2d C:/ST/STM32CubeIDE_1.19.0/STM32CubeIDE/plugins/com.st.stm32cube.ide.mcu.externaltools.gnu-tools-for-stm32.13.3.rel1.win32_1.0.0.202411081344/tools/bin/../lib/gcc/arm-none-eabi/13.3.1/../../../../arm-none-eabi/lib/thumb/v7-m/nofp\libc_nano.a(libc_a-memchr-stub.o)
 .ARM.attributes
                0x000007a0       0x2d C:/ST/STM32CubeIDE_1.19.0/STM32CubeIDE/plugins/com.st.stm32cube.ide.mcu.externaltools.gnu-tools-for-stm32.13.3.rel1.win32_1.0.0.202411081344/tools/bin/../lib/gcc/arm-none-eabi/13.3.1/../../../../arm-none-eabi/lib/thumb/v7-m/nofp\libc_nano.a(libc_a-makebuf.o)
 .ARM.attributes
                0x000007cd       0x2d C:/ST/STM32CubeIDE_1.19.0/STM32CubeIDE/plugins/com.st.stm32cube.ide.mcu.externaltools.gnu-tools-for-stm32.13.3.rel1.win32_1.0.0.202411081344/tools/bin/../lib/gcc/arm-none-eabi/13.3.1/../../../../arm-none-eabi/lib/thumb/v7-m/nofp\libc_nano.a(libc_a-fstatr.o)
 .ARM.attributes
                0x000007fa       0x2d C:/ST/STM32CubeIDE_1.19.0/STM32CubeIDE/plugins/com.st.stm32cube.ide.mcu.externaltools.gnu-tools-for-stm32.13.3.rel1.win32_1.0.0.202411081344/tools/bin/../lib/gcc/arm-none-eabi/13.3.1/../../../../arm-none-eabi/lib/thumb/v7-m/nofp\libc_nano.a(libc_a-isattyr.o)
 .ARM.attributes
                0x00000827       0x1d C:/ST/STM32CubeIDE_1.19.0/STM32CubeIDE/plugins/com.st.stm32cube.ide.mcu.externaltools.gnu-tools-for-stm32.13.3.rel1.win32_1.0.0.202411081344/tools/bin/../lib/gcc/arm-none-eabi/13.3.1/thumb/v7-m/nofp\libgcc.a(_aeabi_uldivmod.o)
 .ARM.attributes
                0x00000844       0x2d C:/ST/STM32CubeIDE_1.19.0/STM32CubeIDE/plugins/com.st.stm32cube.ide.mcu.externaltools.gnu-tools-for-stm32.13.3.rel1.win32_1.0.0.202411081344/tools/bin/../lib/gcc/arm-none-eabi/13.3.1/thumb/v7-m/nofp\libgcc.a(_udivmoddi4.o)
 .ARM.attributes
                0x00000871       0x1d C:/ST/STM32CubeIDE_1.19.0/STM32CubeIDE/plugins/com.st.stm32cube.ide.mcu.externaltools.gnu-tools-for-stm32.13.3.rel1.win32_1.0.0.202411081344/tools/bin/../lib/gcc/arm-none-eabi/13.3.1/thumb/v7-m/nofp\libgcc.a(_dvmd_tls.o)
 .ARM.attributes
                0x0000088e       0x1d C:/ST/STM32CubeIDE_1.19.0/STM32CubeIDE/plugins/com.st.stm32cube.ide.mcu.externaltools.gnu-tools-for-stm32.13.3.rel1.win32_1.0.0.202411081344/tools/bin/../lib/gcc/arm-none-eabi/13.3.1/thumb/v7-m/nofp/crtn.o
OUTPUT(GestLink.elf elf32-littlearm)
LOAD linker stubs
LOAD C:/ST/STM32CubeIDE_1.19.0/STM32CubeIDE/plugins/com.st.stm32cube.ide.mcu.externaltools.gnu-tools-for-stm32.13.3.rel1.win32_1.0.0.202411081344/tools/bin/../lib/gcc/arm-none-eabi/13.3.1/../../../../arm-none-eabi/lib/thumb/v7-m/nofp\libc.a
LOAD C:/ST/STM32CubeIDE_1.19.0/STM32CubeIDE/plugins/com.st.stm32cube.ide.mcu.externaltools.gnu-tools-for-stm32.13.3.rel1.win32_1.0.0.202411081344/tools/bin/../lib/gcc/arm-none-eabi/13.3.1/../../../../arm-none-eabi/lib/thumb/v7-m/nofp\libm.a
LOAD C:/ST/STM32CubeIDE_1.19.0/STM32CubeIDE/plugins/com.st.stm32cube.ide.mcu.externaltools.gnu-tools-for-stm32.13.3.rel1.win32_1.0.0.202411081344/tools/bin/../lib/gcc/arm-none-eabi/13.3.1/thumb/v7-m/nofp\libgcc.a

.debug_info     0x00000000    0x10ad5
 .debug_info    0x00000000      0x284 ./Core/Src/gesture_utility.o
 .debug_info    0x00000284     0x1d73 ./Core/Src/main.o
 .debug_info    0x00001ff7      0x75f ./Core/Src/paj7660.o
 .debug_info    0x00002756     0x18c0 ./Core/Src/stm32f2xx_hal_msp.o
 .debug_info    0x00004016      0x14a ./Core/Src/stm32f2xx_it.o
 .debug_info    0x00004160      0x6a3 ./Core/Src/syscalls.o
 .debug_info    0x00004803      0x168 ./Core/Src/sysmem.o
 .debug_info    0x0000496b      0x31f ./Core/Src/system_stm32f2xx.o
 .debug_info    0x00004c8a       0x30 ./Core/Startup/startup_stm32f207zgtx.o
 .debug_info    0x00004cba      0x9c3 ./Drivers/STM32F2xx_HAL_Driver/Src/stm32f2xx_hal.o
 .debug_info    0x0000567d      0xd7b ./Drivers/STM32F2xx_HAL_Driver/Src/stm32f2xx_hal_cortex.o
 .debug_info    0x000063f8     0x1455 ./Drivers/STM32F2xx_HAL_Driver/Src/stm32f2xx_hal_eth.o
 .debug_info    0x0000784d      0x68e ./Drivers/STM32F2xx_HAL_Driver/Src/stm32f2xx_hal_gpio.o
 .debug_info    0x00007edb     0x2415 ./Drivers/STM32F2xx_HAL_Driver/Src/stm32f2xx_hal_i2c.o
 .debug_info    0x0000a2f0     0x14e2 ./Drivers/STM32F2xx_HAL_Driver/Src/stm32f2xx_hal_pcd.o
 .debug_info    0x0000b7d2      0xa39 ./Drivers/STM32F2xx_HAL_Driver/Src/stm32f2xx_hal_rcc.o
 .debug_info    0x0000c20b     0x2f37 ./Drivers/STM32F2xx_HAL_Driver/Src/stm32f2xx_hal_uart.o
 .debug_info    0x0000f142     0x1993 ./Drivers/STM32F2xx_HAL_Driver/Src/stm32f2xx_ll_usb.o

.debug_abbrev   0x00000000     0x252e
 .debug_abbrev  0x00000000      0x179 ./Core/Src/gesture_utility.o
 .debug_abbrev  0x00000179      0x331 ./Core/Src/main.o
 .debug_abbrev  0x000004aa      0x1cb ./Core/Src/paj7660.o
 .debug_abbrev  0x00000675      0x24a ./Core/Src/stm32f2xx_hal_msp.o
 .debug_abbrev  0x000008bf       0xa0 ./Core/Src/stm32f2xx_it.o
 .debug_abbrev  0x0000095f      0x1b6 ./Core/Src/syscalls.o
 .debug_abbrev  0x00000b15       0xbc ./Core/Src/sysmem.o
 .debug_abbrev  0x00000bd1      0x11c ./Core/Src/system_stm32f2xx.o
 .debug_abbrev  0x00000ced       0x24 ./Core/Startup/startup_stm32f207zgtx.o
 .debug_abbrev  0x00000d11      0x286 ./Drivers/STM32F2xx_HAL_Driver/Src/stm32f2xx_hal.o
 .debug_abbrev  0x00000f97      0x31c ./Drivers/STM32F2xx_HAL_Driver/Src/stm32f2xx_hal_cortex.o
 .debug_abbrev  0x000012b3      0x2ab ./Drivers/STM32F2xx_HAL_Driver/Src/stm32f2xx_hal_eth.o
 .debug_abbrev  0x0000155e      0x1cb ./Drivers/STM32F2xx_HAL_Driver/Src/stm32f2xx_hal_gpio.o
 .debug_abbrev  0x00001729      0x2ad ./Drivers/STM32F2xx_HAL_Driver/Src/stm32f2xx_hal_i2c.o
 .debug_abbrev  0x000019d6      0x2c1 ./Drivers/STM32F2xx_HAL_Driver/Src/stm32f2xx_hal_pcd.o
 .debug_abbrev  0x00001c97      0x2d6 ./Drivers/STM32F2xx_HAL_Driver/Src/stm32f2xx_hal_rcc.o
 .debug_abbrev  0x00001f6d      0x30e ./Drivers/STM32F2xx_HAL_Driver/Src/stm32f2xx_hal_uart.o
 .debug_abbrev  0x0000227b      0x2b3 ./Drivers/STM32F2xx_HAL_Driver/Src/stm32f2xx_ll_usb.o

.debug_aranges  0x00000000      0xe48
 .debug_aranges
                0x00000000       0x28 ./Core/Src/gesture_utility.o
 .debug_aranges
                0x00000028       0x60 ./Core/Src/main.o
 .debug_aranges
                0x00000088       0x38 ./Core/Src/paj7660.o
 .debug_aranges
                0x000000c0       0x60 ./Core/Src/stm32f2xx_hal_msp.o
 .debug_aranges
                0x00000120       0x68 ./Core/Src/stm32f2xx_it.o
 .debug_aranges
                0x00000188       0xa8 ./Core/Src/syscalls.o
 .debug_aranges
                0x00000230       0x20 ./Core/Src/sysmem.o
 .debug_aranges
                0x00000250       0x28 ./Core/Src/system_stm32f2xx.o
 .debug_aranges
                0x00000278       0x28 ./Core/Startup/startup_stm32f207zgtx.o
 .debug_aranges
                0x000002a0       0xf0 ./Drivers/STM32F2xx_HAL_Driver/Src/stm32f2xx_hal.o
 .debug_aranges
                0x00000390      0x128 ./Drivers/STM32F2xx_HAL_Driver/Src/stm32f2xx_hal_cortex.o
 .debug_aranges
                0x000004b8      0x118 ./Drivers/STM32F2xx_HAL_Driver/Src/stm32f2xx_hal_eth.o
 .debug_aranges
                0x000005d0       0x58 ./Drivers/STM32F2xx_HAL_Driver/Src/stm32f2xx_hal_gpio.o
 .debug_aranges
                0x00000628      0x2a8 ./Drivers/STM32F2xx_HAL_Driver/Src/stm32f2xx_hal_i2c.o
 .debug_aranges
                0x000008d0      0x148 ./Drivers/STM32F2xx_HAL_Driver/Src/stm32f2xx_hal_pcd.o
 .debug_aranges
                0x00000a18       0x88 ./Drivers/STM32F2xx_HAL_Driver/Src/stm32f2xx_hal_rcc.o
 .debug_aranges
                0x00000aa0      0x208 ./Drivers/STM32F2xx_HAL_Driver/Src/stm32f2xx_hal_uart.o
 .debug_aranges
                0x00000ca8      0x1a0 ./Drivers/STM32F2xx_HAL_Driver/Src/stm32f2xx_ll_usb.o

.debug_rnglists
                0x00000000      0xb14
 .debug_rnglists
                0x00000000       0x19 ./Core/Src/gesture_utility.o
 .debug_rnglists
                0x00000019       0x47 ./Core/Src/main.o
 .debug_rnglists
                0x00000060       0x25 ./Core/Src/paj7660.o
 .debug_rnglists
                0x00000085       0x47 ./Core/Src/stm32f2xx_hal_msp.o
 .debug_rnglists
                0x000000cc       0x49 ./Core/Src/stm32f2xx_it.o
 .debug_rnglists
                0x00000115       0x79 ./Core/Src/syscalls.o
 .debug_rnglists
                0x0000018e       0x13 ./Core/Src/sysmem.o
 .debug_rnglists
                0x000001a1       0x1a ./Core/Src/system_stm32f2xx.o
 .debug_rnglists
                0x000001bb       0x19 ./Core/Startup/startup_stm32f207zgtx.o
 .debug_rnglists
                0x000001d4       0xaf ./Drivers/STM32F2xx_HAL_Driver/Src/stm32f2xx_hal.o
 .debug_rnglists
                0x00000283       0xd9 ./Drivers/STM32F2xx_HAL_Driver/Src/stm32f2xx_hal_cortex.o
 .debug_rnglists
                0x0000035c       0xd9 ./Drivers/STM32F2xx_HAL_Driver/Src/stm32f2xx_hal_eth.o
 .debug_rnglists
                0x00000435       0x3f ./Drivers/STM32F2xx_HAL_Driver/Src/stm32f2xx_hal_gpio.o
 .debug_rnglists
                0x00000474      0x23c ./Drivers/STM32F2xx_HAL_Driver/Src/stm32f2xx_hal_i2c.o
 .debug_rnglists
                0x000006b0       0xfa ./Drivers/STM32F2xx_HAL_Driver/Src/stm32f2xx_hal_pcd.o
 .debug_rnglists
                0x000007aa       0x67 ./Drivers/STM32F2xx_HAL_Driver/Src/stm32f2xx_hal_rcc.o
 .debug_rnglists
                0x00000811      0x1bc ./Drivers/STM32F2xx_HAL_Driver/Src/stm32f2xx_hal_uart.o
 .debug_rnglists
                0x000009cd      0x147 ./Drivers/STM32F2xx_HAL_Driver/Src/stm32f2xx_ll_usb.o

.debug_macro    0x00000000    0x21d79
 .debug_macro   0x00000000      0x2ed ./Core/Src/gesture_utility.o
 .debug_macro   0x000002ed      0xacc ./Core/Src/gesture_utility.o
 .debug_macro   0x00000db9      0x258 ./Core/Src/gesture_utility.o
 .debug_macro   0x00001011       0x2e ./Core/Src/gesture_utility.o
 .debug_macro   0x0000103f       0x22 ./Core/Src/gesture_utility.o
 .debug_macro   0x00001061       0x22 ./Core/Src/gesture_utility.o
 .debug_macro   0x00001083       0x8e ./Core/Src/gesture_utility.o
 .debug_macro   0x00001111       0x51 ./Core/Src/gesture_utility.o
 .debug_macro   0x00001162      0x103 ./Core/Src/gesture_utility.o
 .debug_macro   0x00001265       0x6a ./Core/Src/gesture_utility.o
 .debug_macro   0x000012cf      0x1df ./Core/Src/gesture_utility.o
 .debug_macro   0x000014ae       0x1c ./Core/Src/gesture_utility.o
 .debug_macro   0x000014ca       0x22 ./Core/Src/gesture_utility.o
 .debug_macro   0x000014ec       0xbd ./Core/Src/gesture_utility.o
 .debug_macro   0x000015a9      0xe49 ./Core/Src/gesture_utility.o
 .debug_macro   0x000023f2      0x11f ./Core/Src/gesture_utility.o
 .debug_macro   0x00002511    0x14fe1 ./Core/Src/gesture_utility.o
 .debug_macro   0x000174f2       0x6d ./Core/Src/gesture_utility.o
 .debug_macro   0x0001755f     0x35b3 ./Core/Src/gesture_utility.o
 .debug_macro   0x0001ab12      0x190 ./Core/Src/gesture_utility.o
 .debug_macro   0x0001aca2       0x55 ./Core/Src/gesture_utility.o
 .debug_macro   0x0001acf7     0x1056 ./Core/Src/gesture_utility.o
 .debug_macro   0x0001bd4d      0x153 ./Core/Src/gesture_utility.o
 .debug_macro   0x0001bea0      0x170 ./Core/Src/gesture_utility.o
 .debug_macro   0x0001c010      0x115 ./Core/Src/gesture_utility.o
 .debug_macro   0x0001c125      0x108 ./Core/Src/gesture_utility.o
 .debug_macro   0x0001c22d       0xa5 ./Core/Src/gesture_utility.o
 .debug_macro   0x0001c2d2      0x16a ./Core/Src/gesture_utility.o
 .debug_macro   0x0001c43c      0x287 ./Core/Src/gesture_utility.o
 .debug_macro   0x0001c6c3       0x5f ./Core/Src/gesture_utility.o
 .debug_macro   0x0001c722      0x236 ./Core/Src/gesture_utility.o
 .debug_macro   0x0001c958      0xcce ./Core/Src/gesture_utility.o
 .debug_macro   0x0001d626      0x126 ./Core/Src/gesture_utility.o
 .debug_macro   0x0001d74c      0x216 ./Core/Src/gesture_utility.o
 .debug_macro   0x0001d962       0x2e ./Core/Src/gesture_utility.o
 .debug_macro   0x0001d990      0x287 ./Core/Src/gesture_utility.o
 .debug_macro   0x0001dc17      0x113 ./Core/Src/gesture_utility.o
 .debug_macro   0x0001dd2a       0x22 ./Core/Src/gesture_utility.o
 .debug_macro   0x0001dd4c       0x82 ./Core/Src/gesture_utility.o
 .debug_macro   0x0001ddce      0x2aa ./Core/Src/gesture_utility.o
 .debug_macro   0x0001e078      0x293 ./Core/Src/gesture_utility.o
 .debug_macro   0x0001e30b       0xba ./Core/Src/gesture_utility.o
 .debug_macro   0x0001e3c5      0x12d ./Core/Src/gesture_utility.o
 .debug_macro   0x0001e4f2      0x11e ./Core/Src/gesture_utility.o
 .debug_macro   0x0001e610       0x10 ./Core/Src/gesture_utility.o
 .debug_macro   0x0001e620       0x61 ./Core/Src/gesture_utility.o
 .debug_macro   0x0001e681       0x24 ./Core/Src/gesture_utility.o
 .debug_macro   0x0001e6a5       0x43 ./Core/Src/gesture_utility.o
 .debug_macro   0x0001e6e8       0x34 ./Core/Src/gesture_utility.o
 .debug_macro   0x0001e71c       0x16 ./Core/Src/gesture_utility.o
 .debug_macro   0x0001e732       0x3c ./Core/Src/gesture_utility.o
 .debug_macro   0x0001e76e      0x370 ./Core/Src/gesture_utility.o
 .debug_macro   0x0001eade       0x10 ./Core/Src/gesture_utility.o
 .debug_macro   0x0001eaee       0x16 ./Core/Src/gesture_utility.o
 .debug_macro   0x0001eb04       0x4a ./Core/Src/gesture_utility.o
 .debug_macro   0x0001eb4e       0x34 ./Core/Src/gesture_utility.o
 .debug_macro   0x0001eb82       0x10 ./Core/Src/gesture_utility.o
 .debug_macro   0x0001eb92       0x58 ./Core/Src/gesture_utility.o
 .debug_macro   0x0001ebea       0x8e ./Core/Src/gesture_utility.o
 .debug_macro   0x0001ec78       0x1c ./Core/Src/gesture_utility.o
 .debug_macro   0x0001ec94      0x185 ./Core/Src/gesture_utility.o
 .debug_macro   0x0001ee19       0x16 ./Core/Src/gesture_utility.o
 .debug_macro   0x0001ee2f       0x16 ./Core/Src/gesture_utility.o
 .debug_macro   0x0001ee45      0x146 ./Core/Src/gesture_utility.o
 .debug_macro   0x0001ef8b      0x2ee ./Core/Src/main.o
 .debug_macro   0x0001f279       0x76 ./Core/Src/main.o
 .debug_macro   0x0001f2ef      0x1fa ./Core/Src/paj7660.o
 .debug_macro   0x0001f4e9       0x70 ./Core/Src/paj7660.o
 .debug_macro   0x0001f559      0x1fa ./Core/Src/stm32f2xx_hal_msp.o
 .debug_macro   0x0001f753      0x204 ./Core/Src/stm32f2xx_it.o
 .debug_macro   0x0001f957      0x274 ./Core/Src/syscalls.o
 .debug_macro   0x0001fbcb       0x5b ./Core/Src/syscalls.o
 .debug_macro   0x0001fc26       0x94 ./Core/Src/syscalls.o
 .debug_macro   0x0001fcba       0x57 ./Core/Src/syscalls.o
 .debug_macro   0x0001fd11       0x10 ./Core/Src/syscalls.o
 .debug_macro   0x0001fd21       0x10 ./Core/Src/syscalls.o
 .debug_macro   0x0001fd31       0x10 ./Core/Src/syscalls.o
 .debug_macro   0x0001fd41       0x10 ./Core/Src/syscalls.o
 .debug_macro   0x0001fd51       0x1c ./Core/Src/syscalls.o
 .debug_macro   0x0001fd6d       0x52 ./Core/Src/syscalls.o
 .debug_macro   0x0001fdbf       0x22 ./Core/Src/syscalls.o
 .debug_macro   0x0001fde1       0x10 ./Core/Src/syscalls.o
 .debug_macro   0x0001fdf1       0x52 ./Core/Src/syscalls.o
 .debug_macro   0x0001fe43       0xcf ./Core/Src/syscalls.o
 .debug_macro   0x0001ff12       0x1c ./Core/Src/syscalls.o
 .debug_macro   0x0001ff2e       0x3d ./Core/Src/syscalls.o
 .debug_macro   0x0001ff6b       0x35 ./Core/Src/syscalls.o
 .debug_macro   0x0001ffa0      0x12c ./Core/Src/syscalls.o
 .debug_macro   0x000200cc       0x16 ./Core/Src/syscalls.o
 .debug_macro   0x000200e2       0x16 ./Core/Src/syscalls.o
 .debug_macro   0x000200f8       0x29 ./Core/Src/syscalls.o
 .debug_macro   0x00020121       0x10 ./Core/Src/syscalls.o
 .debug_macro   0x00020131      0x242 ./Core/Src/syscalls.o
 .debug_macro   0x00020373       0x1c ./Core/Src/syscalls.o
 .debug_macro   0x0002038f       0x10 ./Core/Src/syscalls.o
 .debug_macro   0x0002039f      0x18a ./Core/Src/syscalls.o
 .debug_macro   0x00020529       0x16 ./Core/Src/syscalls.o
 .debug_macro   0x0002053f       0xce ./Core/Src/syscalls.o
 .debug_macro   0x0002060d      0x112 ./Core/Src/sysmem.o
 .debug_macro   0x0002071f      0x23c ./Core/Src/sysmem.o
 .debug_macro   0x0002095b      0x1eb ./Core/Src/system_stm32f2xx.o
 .debug_macro   0x00020b46      0x239 ./Drivers/STM32F2xx_HAL_Driver/Src/stm32f2xx_hal.o
 .debug_macro   0x00020d7f      0x1eb ./Drivers/STM32F2xx_HAL_Driver/Src/stm32f2xx_hal_cortex.o
 .debug_macro   0x00020f6a      0x201 ./Drivers/STM32F2xx_HAL_Driver/Src/stm32f2xx_hal_eth.o
 .debug_macro   0x0002116b      0x1f2 ./Drivers/STM32F2xx_HAL_Driver/Src/stm32f2xx_hal_gpio.o
 .debug_macro   0x0002135d      0x239 ./Drivers/STM32F2xx_HAL_Driver/Src/stm32f2xx_hal_i2c.o
 .debug_macro   0x00021596      0x1f7 ./Drivers/STM32F2xx_HAL_Driver/Src/stm32f2xx_hal_pcd.o
 .debug_macro   0x0002178d      0x215 ./Drivers/STM32F2xx_HAL_Driver/Src/stm32f2xx_hal_rcc.o
 .debug_macro   0x000219a2      0x1ec ./Drivers/STM32F2xx_HAL_Driver/Src/stm32f2xx_hal_uart.o
 .debug_macro   0x00021b8e      0x1eb ./Drivers/STM32F2xx_HAL_Driver/Src/stm32f2xx_ll_usb.o

.debug_line     0x00000000    0x11fb0
 .debug_line    0x00000000      0x92c ./Core/Src/gesture_utility.o
 .debug_line    0x0000092c      0xb1c ./Core/Src/main.o
 .debug_line    0x00001448      0x7d5 ./Core/Src/paj7660.o
 .debug_line    0x00001c1d      0x8e7 ./Core/Src/stm32f2xx_hal_msp.o
 .debug_line    0x00002504      0x830 ./Core/Src/stm32f2xx_it.o
 .debug_line    0x00002d34      0x8ac ./Core/Src/syscalls.o
 .debug_line    0x000035e0      0x588 ./Core/Src/sysmem.o
 .debug_line    0x00003b68      0x7e6 ./Core/Src/system_stm32f2xx.o
 .debug_line    0x0000434e       0x7a ./Core/Startup/startup_stm32f207zgtx.o
 .debug_line    0x000043c8      0xaad ./Drivers/STM32F2xx_HAL_Driver/Src/stm32f2xx_hal.o
 .debug_line    0x00004e75      0xd10 ./Drivers/STM32F2xx_HAL_Driver/Src/stm32f2xx_hal_cortex.o
 .debug_line    0x00005b85     0x1627 ./Drivers/STM32F2xx_HAL_Driver/Src/stm32f2xx_hal_eth.o
 .debug_line    0x000071ac      0xbc1 ./Drivers/STM32F2xx_HAL_Driver/Src/stm32f2xx_hal_gpio.o
 .debug_line    0x00007d6d     0x3b08 ./Drivers/STM32F2xx_HAL_Driver/Src/stm32f2xx_hal_i2c.o
 .debug_line    0x0000b875     0x141b ./Drivers/STM32F2xx_HAL_Driver/Src/stm32f2xx_hal_pcd.o
 .debug_line    0x0000cc90     0x105b ./Drivers/STM32F2xx_HAL_Driver/Src/stm32f2xx_hal_rcc.o
 .debug_line    0x0000dceb     0x2561 ./Drivers/STM32F2xx_HAL_Driver/Src/stm32f2xx_hal_uart.o
 .debug_line    0x0001024c     0x1d64 ./Drivers/STM32F2xx_HAL_Driver/Src/stm32f2xx_ll_usb.o

.debug_str      0x00000000    0xc9a41
 .debug_str     0x00000000    0xc9a41 ./Core/Src/gesture_utility.o
                              0xc2f08 (size before relaxing)
 .debug_str     0x000c9a41    0xc47c7 ./Core/Src/main.o
 .debug_str     0x000c9a41    0xbf901 ./Core/Src/paj7660.o
 .debug_str     0x000c9a41    0xc0709 ./Core/Src/stm32f2xx_hal_msp.o
 .debug_str     0x000c9a41    0xbf72d ./Core/Src/stm32f2xx_it.o
 .debug_str     0x000c9a41     0x99a2 ./Core/Src/syscalls.o
 .debug_str     0x000c9a41     0x7740 ./Core/Src/sysmem.o
 .debug_str     0x000c9a41    0xbf33d ./Core/Src/system_stm32f2xx.o
 .debug_str     0x000c9a41       0x9a ./Core/Startup/startup_stm32f207zgtx.o
 .debug_str     0x000c9a41    0xbfe89 ./Drivers/STM32F2xx_HAL_Driver/Src/stm32f2xx_hal.o
 .debug_str     0x000c9a41    0xbfc80 ./Drivers/STM32F2xx_HAL_Driver/Src/stm32f2xx_hal_cortex.o
 .debug_str     0x000c9a41    0xbff7f ./Drivers/STM32F2xx_HAL_Driver/Src/stm32f2xx_hal_eth.o
 .debug_str     0x000c9a41    0xbf4fb ./Drivers/STM32F2xx_HAL_Driver/Src/stm32f2xx_hal_gpio.o
 .debug_str     0x000c9a41    0xc03af ./Drivers/STM32F2xx_HAL_Driver/Src/stm32f2xx_hal_i2c.o
 .debug_str     0x000c9a41    0xbfdfe ./Drivers/STM32F2xx_HAL_Driver/Src/stm32f2xx_hal_pcd.o
 .debug_str     0x000c9a41    0xbf7ef ./Drivers/STM32F2xx_HAL_Driver/Src/stm32f2xx_hal_rcc.o
 .debug_str     0x000c9a41    0xbfd92 ./Drivers/STM32F2xx_HAL_Driver/Src/stm32f2xx_hal_uart.o
 .debug_str     0x000c9a41    0xbfd4a ./Drivers/STM32F2xx_HAL_Driver/Src/stm32f2xx_ll_usb.o

.comment        0x00000000       0x43
 .comment       0x00000000       0x43 ./Core/Src/gesture_utility.o
                                 0x44 (size before relaxing)
 .comment       0x00000043       0x44 ./Core/Src/main.o
 .comment       0x00000043       0x44 ./Core/Src/paj7660.o
 .comment       0x00000043       0x44 ./Core/Src/stm32f2xx_hal_msp.o
 .comment       0x00000043       0x44 ./Core/Src/stm32f2xx_it.o
 .comment       0x00000043       0x44 ./Core/Src/syscalls.o
 .comment       0x00000043       0x44 ./Core/Src/sysmem.o
 .comment       0x00000043       0x44 ./Core/Src/system_stm32f2xx.o
 .comment       0x00000043       0x44 ./Drivers/STM32F2xx_HAL_Driver/Src/stm32f2xx_hal.o
 .comment       0x00000043       0x44 ./Drivers/STM32F2xx_HAL_Driver/Src/stm32f2xx_hal_cortex.o
 .comment       0x00000043       0x44 ./Drivers/STM32F2xx_HAL_Driver/Src/stm32f2xx_hal_eth.o
 .comment       0x00000043       0x44 ./Drivers/STM32F2xx_HAL_Driver/Src/stm32f2xx_hal_gpio.o
 .comment       0x00000043       0x44 ./Drivers/STM32F2xx_HAL_Driver/Src/stm32f2xx_hal_i2c.o
 .comment       0x00000043       0x44 ./Drivers/STM32F2xx_HAL_Driver/Src/stm32f2xx_hal_pcd.o
 .comment       0x00000043       0x44 ./Drivers/STM32F2xx_HAL_Driver/Src/stm32f2xx_hal_rcc.o
 .comment       0x00000043       0x44 ./Drivers/STM32F2xx_HAL_Driver/Src/stm32f2xx_hal_uart.o
 .comment       0x00000043       0x44 ./Drivers/STM32F2xx_HAL_Driver/Src/stm32f2xx_ll_usb.o

.debug_frame    0x00000000     0x4404
 .debug_frame   0x00000000       0x58 ./Core/Src/gesture_utility.o
 .debug_frame   0x00000058      0x124 ./Core/Src/main.o
 .debug_frame   0x0000017c       0xa0 ./Core/Src/paj7660.o
 .debug_frame   0x0000021c      0x158 ./Core/Src/stm32f2xx_hal_msp.o
 .debug_frame   0x00000374      0x120 ./Core/Src/stm32f2xx_it.o
 .debug_frame   0x00000494      0x2ac ./Core/Src/syscalls.o
 .debug_frame   0x00000740       0x34 ./Core/Src/sysmem.o
 .debug_frame   0x00000774       0x58 ./Core/Src/system_stm32f2xx.o
 .debug_frame   0x000007cc      0x384 ./Drivers/STM32F2xx_HAL_Driver/Src/stm32f2xx_hal.o
 .debug_frame   0x00000b50      0x4e8 ./Drivers/STM32F2xx_HAL_Driver/Src/stm32f2xx_hal_cortex.o
 .debug_frame   0x00001038      0x4dc ./Drivers/STM32F2xx_HAL_Driver/Src/stm32f2xx_hal_eth.o
 .debug_frame   0x00001514      0x14c ./Drivers/STM32F2xx_HAL_Driver/Src/stm32f2xx_hal_gpio.o
 .debug_frame   0x00001660      0xc84 ./Drivers/STM32F2xx_HAL_Driver/Src/stm32f2xx_hal_i2c.o
 .debug_frame   0x000022e4      0x5b8 ./Drivers/STM32F2xx_HAL_Driver/Src/stm32f2xx_hal_pcd.o
 .debug_frame   0x0000289c      0x208 ./Drivers/STM32F2xx_HAL_Driver/Src/stm32f2xx_hal_rcc.o
 .debug_frame   0x00002aa4      0x944 ./Drivers/STM32F2xx_HAL_Driver/Src/stm32f2xx_hal_uart.o
 .debug_frame   0x000033e8      0x7c0 ./Drivers/STM32F2xx_HAL_Driver/Src/stm32f2xx_ll_usb.o
 .debug_frame   0x00003ba8      0x144 C:/ST/STM32CubeIDE_1.19.0/STM32CubeIDE/plugins/com.st.stm32cube.ide.mcu.externaltools.gnu-tools-for-stm32.13.3.rel1.win32_1.0.0.202411081344/tools/bin/../lib/gcc/arm-none-eabi/13.3.1/../../../../arm-none-eabi/lib/thumb/v7-m/nofp\libc_nano.a(libc_a-findfp.o)
 .debug_frame   0x00003cec       0x34 C:/ST/STM32CubeIDE_1.19.0/STM32CubeIDE/plugins/com.st.stm32cube.ide.mcu.externaltools.gnu-tools-for-stm32.13.3.rel1.win32_1.0.0.202411081344/tools/bin/../lib/gcc/arm-none-eabi/13.3.1/../../../../arm-none-eabi/lib/thumb/v7-m/nofp\libc_nano.a(libc_a-fwalk.o)
 .debug_frame   0x00003d20       0x6c C:/ST/STM32CubeIDE_1.19.0/STM32CubeIDE/plugins/com.st.stm32cube.ide.mcu.externaltools.gnu-tools-for-stm32.13.3.rel1.win32_1.0.0.202411081344/tools/bin/../lib/gcc/arm-none-eabi/13.3.1/../../../../arm-none-eabi/lib/thumb/v7-m/nofp\libc_nano.a(libc_a-printf.o)
 .debug_frame   0x00003d8c       0x88 C:/ST/STM32CubeIDE_1.19.0/STM32CubeIDE/plugins/com.st.stm32cube.ide.mcu.externaltools.gnu-tools-for-stm32.13.3.rel1.win32_1.0.0.202411081344/tools/bin/../lib/gcc/arm-none-eabi/13.3.1/../../../../arm-none-eabi/lib/thumb/v7-m/nofp\libc_nano.a(libc_a-stdio.o)
 .debug_frame   0x00003e14       0x20 C:/ST/STM32CubeIDE_1.19.0/STM32CubeIDE/plugins/com.st.stm32cube.ide.mcu.externaltools.gnu-tools-for-stm32.13.3.rel1.win32_1.0.0.202411081344/tools/bin/../lib/gcc/arm-none-eabi/13.3.1/../../../../arm-none-eabi/lib/thumb/v7-m/nofp\libc_nano.a(libc_a-memset.o)
 .debug_frame   0x00003e34       0x2c C:/ST/STM32CubeIDE_1.19.0/STM32CubeIDE/plugins/com.st.stm32cube.ide.mcu.externaltools.gnu-tools-for-stm32.13.3.rel1.win32_1.0.0.202411081344/tools/bin/../lib/gcc/arm-none-eabi/13.3.1/../../../../arm-none-eabi/lib/thumb/v7-m/nofp\libc_nano.a(libc_a-closer.o)
 .debug_frame   0x00003e60       0x38 C:/ST/STM32CubeIDE_1.19.0/STM32CubeIDE/plugins/com.st.stm32cube.ide.mcu.externaltools.gnu-tools-for-stm32.13.3.rel1.win32_1.0.0.202411081344/tools/bin/../lib/gcc/arm-none-eabi/13.3.1/../../../../arm-none-eabi/lib/thumb/v7-m/nofp\libc_nano.a(libc_a-reent.o)
 .debug_frame   0x00003e98       0x2c C:/ST/STM32CubeIDE_1.19.0/STM32CubeIDE/plugins/com.st.stm32cube.ide.mcu.externaltools.gnu-tools-for-stm32.13.3.rel1.win32_1.0.0.202411081344/tools/bin/../lib/gcc/arm-none-eabi/13.3.1/../../../../arm-none-eabi/lib/thumb/v7-m/nofp\libc_nano.a(libc_a-lseekr.o)
 .debug_frame   0x00003ec4       0x2c C:/ST/STM32CubeIDE_1.19.0/STM32CubeIDE/plugins/com.st.stm32cube.ide.mcu.externaltools.gnu-tools-for-stm32.13.3.rel1.win32_1.0.0.202411081344/tools/bin/../lib/gcc/arm-none-eabi/13.3.1/../../../../arm-none-eabi/lib/thumb/v7-m/nofp\libc_nano.a(libc_a-readr.o)
 .debug_frame   0x00003ef0       0x2c C:/ST/STM32CubeIDE_1.19.0/STM32CubeIDE/plugins/com.st.stm32cube.ide.mcu.externaltools.gnu-tools-for-stm32.13.3.rel1.win32_1.0.0.202411081344/tools/bin/../lib/gcc/arm-none-eabi/13.3.1/../../../../arm-none-eabi/lib/thumb/v7-m/nofp\libc_nano.a(libc_a-writer.o)
 .debug_frame   0x00003f1c       0x20 C:/ST/STM32CubeIDE_1.19.0/STM32CubeIDE/plugins/com.st.stm32cube.ide.mcu.externaltools.gnu-tools-for-stm32.13.3.rel1.win32_1.0.0.202411081344/tools/bin/../lib/gcc/arm-none-eabi/13.3.1/../../../../arm-none-eabi/lib/thumb/v7-m/nofp\libc_nano.a(libc_a-errno.o)
 .debug_frame   0x00003f3c       0x2c C:/ST/STM32CubeIDE_1.19.0/STM32CubeIDE/plugins/com.st.stm32cube.ide.mcu.externaltools.gnu-tools-for-stm32.13.3.rel1.win32_1.0.0.202411081344/tools/bin/../lib/gcc/arm-none-eabi/13.3.1/../../../../arm-none-eabi/lib/thumb/v7-m/nofp\libc_nano.a(libc_a-init.o)
 .debug_frame   0x00003f68       0xb0 C:/ST/STM32CubeIDE_1.19.0/STM32CubeIDE/plugins/com.st.stm32cube.ide.mcu.externaltools.gnu-tools-for-stm32.13.3.rel1.win32_1.0.0.202411081344/tools/bin/../lib/gcc/arm-none-eabi/13.3.1/../../../../arm-none-eabi/lib/thumb/v7-m/nofp\libc_nano.a(libc_a-lock.o)
 .debug_frame   0x00004018       0x38 C:/ST/STM32CubeIDE_1.19.0/STM32CubeIDE/plugins/com.st.stm32cube.ide.mcu.externaltools.gnu-tools-for-stm32.13.3.rel1.win32_1.0.0.202411081344/tools/bin/../lib/gcc/arm-none-eabi/13.3.1/../../../../arm-none-eabi/lib/thumb/v7-m/nofp\libc_nano.a(libc_a-freer.o)
 .debug_frame   0x00004050       0x50 C:/ST/STM32CubeIDE_1.19.0/STM32CubeIDE/plugins/com.st.stm32cube.ide.mcu.externaltools.gnu-tools-for-stm32.13.3.rel1.win32_1.0.0.202411081344/tools/bin/../lib/gcc/arm-none-eabi/13.3.1/../../../../arm-none-eabi/lib/thumb/v7-m/nofp\libc_nano.a(libc_a-mallocr.o)
 .debug_frame   0x000040a0       0x30 C:/ST/STM32CubeIDE_1.19.0/STM32CubeIDE/plugins/com.st.stm32cube.ide.mcu.externaltools.gnu-tools-for-stm32.13.3.rel1.win32_1.0.0.202411081344/tools/bin/../lib/gcc/arm-none-eabi/13.3.1/../../../../arm-none-eabi/lib/thumb/v7-m/nofp\libc_nano.a(libc_a-mlock.o)
 .debug_frame   0x000040d0       0xa8 C:/ST/STM32CubeIDE_1.19.0/STM32CubeIDE/plugins/com.st.stm32cube.ide.mcu.externaltools.gnu-tools-for-stm32.13.3.rel1.win32_1.0.0.202411081344/tools/bin/../lib/gcc/arm-none-eabi/13.3.1/../../../../arm-none-eabi/lib/thumb/v7-m/nofp\libc_nano.a(libc_a-nano-vfprintf.o)
 .debug_frame   0x00004178       0x60 C:/ST/STM32CubeIDE_1.19.0/STM32CubeIDE/plugins/com.st.stm32cube.ide.mcu.externaltools.gnu-tools-for-stm32.13.3.rel1.win32_1.0.0.202411081344/tools/bin/../lib/gcc/arm-none-eabi/13.3.1/../../../../arm-none-eabi/lib/thumb/v7-m/nofp\libc_nano.a(libc_a-nano-vfprintf_i.o)
 .debug_frame   0x000041d8       0x5c C:/ST/STM32CubeIDE_1.19.0/STM32CubeIDE/plugins/com.st.stm32cube.ide.mcu.externaltools.gnu-tools-for-stm32.13.3.rel1.win32_1.0.0.202411081344/tools/bin/../lib/gcc/arm-none-eabi/13.3.1/../../../../arm-none-eabi/lib/thumb/v7-m/nofp\libc_nano.a(libc_a-fflush.o)
 .debug_frame   0x00004234       0x40 C:/ST/STM32CubeIDE_1.19.0/STM32CubeIDE/plugins/com.st.stm32cube.ide.mcu.externaltools.gnu-tools-for-stm32.13.3.rel1.win32_1.0.0.202411081344/tools/bin/../lib/gcc/arm-none-eabi/13.3.1/../../../../arm-none-eabi/lib/thumb/v7-m/nofp\libc_nano.a(libc_a-wbuf.o)
 .debug_frame   0x00004274       0x2c C:/ST/STM32CubeIDE_1.19.0/STM32CubeIDE/plugins/com.st.stm32cube.ide.mcu.externaltools.gnu-tools-for-stm32.13.3.rel1.win32_1.0.0.202411081344/tools/bin/../lib/gcc/arm-none-eabi/13.3.1/../../../../arm-none-eabi/lib/thumb/v7-m/nofp\libc_nano.a(libc_a-wsetup.o)
 .debug_frame   0x000042a0       0x2c C:/ST/STM32CubeIDE_1.19.0/STM32CubeIDE/plugins/com.st.stm32cube.ide.mcu.externaltools.gnu-tools-for-stm32.13.3.rel1.win32_1.0.0.202411081344/tools/bin/../lib/gcc/arm-none-eabi/13.3.1/../../../../arm-none-eabi/lib/thumb/v7-m/nofp\libc_nano.a(libc_a-sbrkr.o)
 .debug_frame   0x000042cc       0x28 C:/ST/STM32CubeIDE_1.19.0/STM32CubeIDE/plugins/com.st.stm32cube.ide.mcu.externaltools.gnu-tools-for-stm32.13.3.rel1.win32_1.0.0.202411081344/tools/bin/../lib/gcc/arm-none-eabi/13.3.1/../../../../arm-none-eabi/lib/thumb/v7-m/nofp\libc_nano.a(libc_a-memchr-stub.o)
 .debug_frame   0x000042f4       0x58 C:/ST/STM32CubeIDE_1.19.0/STM32CubeIDE/plugins/com.st.stm32cube.ide.mcu.externaltools.gnu-tools-for-stm32.13.3.rel1.win32_1.0.0.202411081344/tools/bin/../lib/gcc/arm-none-eabi/13.3.1/../../../../arm-none-eabi/lib/thumb/v7-m/nofp\libc_nano.a(libc_a-makebuf.o)